Archive member included to satisfy reference by file (symbol)

d:/program files (x86)/eclipse/system workbench for stm32/plugins/fr.ac6.mcu.externaltools.arm-none.win32_1.7.0.201602121829/tools/compiler/bin/../lib/gcc/arm-none-eabi/5.2.1/armv7e-m/fpu\libgcc.a(_aeabi_uldivmod.o)
                              Drivers/STM32L4xx_HAL_Driver/stm32l4xx_hal_uart.o (__aeabi_uldivmod)
d:/program files (x86)/eclipse/system workbench for stm32/plugins/fr.ac6.mcu.externaltools.arm-none.win32_1.7.0.201602121829/tools/compiler/bin/../lib/gcc/arm-none-eabi/5.2.1/armv7e-m/fpu\libgcc.a(_udivmoddi4.o)
                              d:/program files (x86)/eclipse/system workbench for stm32/plugins/fr.ac6.mcu.externaltools.arm-none.win32_1.7.0.201602121829/tools/compiler/bin/../lib/gcc/arm-none-eabi/5.2.1/armv7e-m/fpu\libgcc.a(_aeabi_uldivmod.o) (__udivmoddi4)
d:/program files (x86)/eclipse/system workbench for stm32/plugins/fr.ac6.mcu.externaltools.arm-none.win32_1.7.0.201602121829/tools/compiler/bin/../lib/gcc/arm-none-eabi/5.2.1/armv7e-m/fpu\libgcc.a(_dvmd_tls.o)
                              d:/program files (x86)/eclipse/system workbench for stm32/plugins/fr.ac6.mcu.externaltools.arm-none.win32_1.7.0.201602121829/tools/compiler/bin/../lib/gcc/arm-none-eabi/5.2.1/armv7e-m/fpu\libgcc.a(_aeabi_uldivmod.o) (__aeabi_ldiv0)
d:/program files (x86)/eclipse/system workbench for stm32/plugins/fr.ac6.mcu.externaltools.arm-none.win32_1.7.0.201602121829/tools/compiler/bin/../lib/gcc/arm-none-eabi/5.2.1/../../../../arm-none-eabi/lib/armv7e-m/fpu\libc_nano.a(lib_a-atoi.o)
                              Application/User/main.o (atoi)
d:/program files (x86)/eclipse/system workbench for stm32/plugins/fr.ac6.mcu.externaltools.arm-none.win32_1.7.0.201602121829/tools/compiler/bin/../lib/gcc/arm-none-eabi/5.2.1/../../../../arm-none-eabi/lib/armv7e-m/fpu\libc_nano.a(lib_a-exit.o)
                              d:/program files (x86)/eclipse/system workbench for stm32/plugins/fr.ac6.mcu.externaltools.arm-none.win32_1.7.0.201602121829/tools/compiler/bin/../lib/gcc/arm-none-eabi/5.2.1/../../../../arm-none-eabi/lib/armv7e-m/fpu/crt0.o (exit)
d:/program files (x86)/eclipse/system workbench for stm32/plugins/fr.ac6.mcu.externaltools.arm-none.win32_1.7.0.201602121829/tools/compiler/bin/../lib/gcc/arm-none-eabi/5.2.1/../../../../arm-none-eabi/lib/armv7e-m/fpu\libc_nano.a(lib_a-impure.o)
                              d:/program files (x86)/eclipse/system workbench for stm32/plugins/fr.ac6.mcu.externaltools.arm-none.win32_1.7.0.201602121829/tools/compiler/bin/../lib/gcc/arm-none-eabi/5.2.1/../../../../arm-none-eabi/lib/armv7e-m/fpu\libc_nano.a(lib_a-exit.o) (_global_impure_ptr)
d:/program files (x86)/eclipse/system workbench for stm32/plugins/fr.ac6.mcu.externaltools.arm-none.win32_1.7.0.201602121829/tools/compiler/bin/../lib/gcc/arm-none-eabi/5.2.1/../../../../arm-none-eabi/lib/armv7e-m/fpu\libc_nano.a(lib_a-init.o)
                              d:/program files (x86)/eclipse/system workbench for stm32/plugins/fr.ac6.mcu.externaltools.arm-none.win32_1.7.0.201602121829/tools/compiler/bin/../lib/gcc/arm-none-eabi/5.2.1/../../../../arm-none-eabi/lib/armv7e-m/fpu/crt0.o (__libc_init_array)
d:/program files (x86)/eclipse/system workbench for stm32/plugins/fr.ac6.mcu.externaltools.arm-none.win32_1.7.0.201602121829/tools/compiler/bin/../lib/gcc/arm-none-eabi/5.2.1/../../../../arm-none-eabi/lib/armv7e-m/fpu\libc_nano.a(lib_a-memcpy-stub.o)
                              Middlewares/FreeRTOS/queue.o (memcpy)
d:/program files (x86)/eclipse/system workbench for stm32/plugins/fr.ac6.mcu.externaltools.arm-none.win32_1.7.0.201602121829/tools/compiler/bin/../lib/gcc/arm-none-eabi/5.2.1/../../../../arm-none-eabi/lib/armv7e-m/fpu\libc_nano.a(lib_a-memset.o)
                              d:/program files (x86)/eclipse/system workbench for stm32/plugins/fr.ac6.mcu.externaltools.arm-none.win32_1.7.0.201602121829/tools/compiler/bin/../lib/gcc/arm-none-eabi/5.2.1/../../../../arm-none-eabi/lib/armv7e-m/fpu/crt0.o (memset)
d:/program files (x86)/eclipse/system workbench for stm32/plugins/fr.ac6.mcu.externaltools.arm-none.win32_1.7.0.201602121829/tools/compiler/bin/../lib/gcc/arm-none-eabi/5.2.1/../../../../arm-none-eabi/lib/armv7e-m/fpu\libc_nano.a(lib_a-sprintf.o)
                              Application/User/main.o (sprintf)
d:/program files (x86)/eclipse/system workbench for stm32/plugins/fr.ac6.mcu.externaltools.arm-none.win32_1.7.0.201602121829/tools/compiler/bin/../lib/gcc/arm-none-eabi/5.2.1/../../../../arm-none-eabi/lib/armv7e-m/fpu\libc_nano.a(lib_a-strtol.o)
                              d:/program files (x86)/eclipse/system workbench for stm32/plugins/fr.ac6.mcu.externaltools.arm-none.win32_1.7.0.201602121829/tools/compiler/bin/../lib/gcc/arm-none-eabi/5.2.1/../../../../arm-none-eabi/lib/armv7e-m/fpu\libc_nano.a(lib_a-atoi.o) (_strtol_r)
[...]
Memory Configuration

Name             Origin             Length             Attributes
RAM              0x20000000         0x00018000         xrw
RAM2             0x10000000         0x00008000         xrw
FLASH            0x08000000         0x00100000         xr
*default*        0x00000000         0xffffffff

Linker script and memory map

LOAD d:/program files (x86)/eclipse/system workbench for stm32/plugins/fr.ac6.mcu.externaltools.arm-none.win32_1.7.0.201602121829/tools/compiler/bin/../lib/gcc/arm-none-eabi/5.2.1/armv7e-m/fpu/crti.o
LOAD d:/program files (x86)/eclipse/system workbench for stm32/plugins/fr.ac6.mcu.externaltools.arm-none.win32_1.7.0.201602121829/tools/compiler/bin/../lib/gcc/arm-none-eabi/5.2.1/armv7e-m/fpu/crtbegin.o
LOAD d:/program files (x86)/eclipse/system workbench for stm32/plugins/fr.ac6.mcu.externaltools.arm-none.win32_1.7.0.201602121829/tools/compiler/bin/../lib/gcc/arm-none-eabi/5.2.1/../../../../arm-none-eabi/lib/armv7e-m/fpu/crt0.o
LOAD d:/program files (x86)/eclipse/system workbench for stm32/plugins/fr.ac6.mcu.externaltools.arm-none.win32_1.7.0.201602121829/tools/compiler/bin/../lib/gcc/arm-none-eabi/5.2.1/../../../../arm-none-eabi/lib/armv7e-m/fpu\libm.a
LOAD Application/SW4STM32/startup_stm32l476xx.o
LOAD Application/User/freertos.o
LOAD Application/User/main.o
LOAD Application/User/stm32l4xx_hal_msp.o
LOAD Application/User/stm32l4xx_hal_timebase_TIM.o
LOAD Application/User/stm32l4xx_it.o
LOAD Drivers/CMSIS/system_stm32l4xx.o
LOAD Drivers/STM32L4xx_HAL_Driver/stm32l4xx_hal.o
LOAD Drivers/STM32L4xx_HAL_Driver/stm32l4xx_hal_cortex.o
LOAD Drivers/STM32L4xx_HAL_Driver/stm32l4xx_hal_dma.o
LOAD Drivers/STM32L4xx_HAL_Driver/stm32l4xx_hal_flash.o
LOAD Drivers/STM32L4xx_HAL_Driver/stm32l4xx_hal_flash_ex.o
LOAD Drivers/STM32L4xx_HAL_Driver/stm32l4xx_hal_flash_ramfunc.o
LOAD Drivers/STM32L4xx_HAL_Driver/stm32l4xx_hal_gpio.o
LOAD Drivers/STM32L4xx_HAL_Driver/stm32l4xx_hal_i2c.o
LOAD Drivers/STM32L4xx_HAL_Driver/stm32l4xx_hal_i2c_ex.o
LOAD Drivers/STM32L4xx_HAL_Driver/stm32l4xx_hal_pwr.o
LOAD Drivers/STM32L4xx_HAL_Driver/stm32l4xx_hal_pwr_ex.o
LOAD Drivers/STM32L4xx_HAL_Driver/stm32l4xx_hal_rcc.o
LOAD Drivers/STM32L4xx_HAL_Driver/stm32l4xx_hal_rcc_ex.o
LOAD Drivers/STM32L4xx_HAL_Driver/stm32l4xx_hal_tim.o
LOAD Drivers/STM32L4xx_HAL_Driver/stm32l4xx_hal_tim_ex.o
LOAD Drivers/STM32L4xx_HAL_Driver/stm32l4xx_hal_uart.o
LOAD Drivers/STM32L4xx_HAL_Driver/stm32l4xx_hal_uart_ex.o
LOAD Middlewares/FreeRTOS/cmsis_os.o
LOAD Middlewares/FreeRTOS/croutine.o
LOAD Middlewares/FreeRTOS/event_groups.o
LOAD Middlewares/FreeRTOS/heap_4.o
LOAD Middlewares/FreeRTOS/list.o
LOAD Middlewares/FreeRTOS/port.o
LOAD Middlewares/FreeRTOS/queue.o
LOAD Middlewares/FreeRTOS/tasks.o
LOAD Middlewares/FreeRTOS/timers.o
START GROUP
LOAD d:/program files (x86)/eclipse/system workbench for stm32/plugins/fr.ac6.mcu.externaltools.arm-none.win32_1.7.0.201602121829/tools/compiler/bin/../lib/gcc/arm-none-eabi/5.2.1/armv7e-m/fpu\libgcc.a
LOAD d:/program files (x86)/eclipse/system workbench for stm32/plugins/fr.ac6.mcu.externaltools.arm-none.win32_1.7.0.201602121829/tools/compiler/bin/../lib/gcc/arm-none-eabi/5.2.1/../../../../arm-none-eabi/lib/armv7e-m/fpu\libc_nano.a
END GROUP
START GROUP
LOAD d:/program files (x86)/eclipse/system workbench for stm32/plugins/fr.ac6.mcu.externaltools.arm-none.win32_1.7.0.201602121829/tools/compiler/bin/../lib/gcc/arm-none-eabi/5.2.1/armv7e-m/fpu\libgcc.a
LOAD d:/program files (x86)/eclipse/system workbench for stm32/plugins/fr.ac6.mcu.externaltools.arm-none.win32_1.7.0.201602121829/tools/compiler/bin/../lib/gcc/arm-none-eabi/5.2.1/../../../../arm-none-eabi/lib/armv7e-m/fpu\libc_nano.a
LOAD d:/program files (x86)/eclipse/system workbench for stm32/plugins/fr.ac6.mcu.externaltools.arm-none.win32_1.7.0.201602121829/tools/compiler/bin/../lib/gcc/arm-none-eabi/5.2.1/../../../../arm-none-eabi/lib/armv7e-m/fpu\libnosys.a
END GROUP
START GROUP
LOAD d:/program files (x86)/eclipse/system workbench for stm32/plugins/fr.ac6.mcu.externaltools.arm-none.win32_1.7.0.201602121829/tools/compiler/bin/../lib/gcc/arm-none-eabi/5.2.1/armv7e-m/fpu\libgcc.a
LOAD d:/program files (x86)/eclipse/system workbench for stm32/plugins/fr.ac6.mcu.externaltools.arm-none.win32_1.7.0.201602121829/tools/compiler/bin/../lib/gcc/arm-none-eabi/5.2.1/../../../../arm-none-eabi/lib/armv7e-m/fpu\libc_nano.a
LOAD d:/program files (x86)/eclipse/system workbench for stm32/plugins/fr.ac6.mcu.externaltools.arm-none.win32_1.7.0.201602121829/tools/compiler/bin/../lib/gcc/arm-none-eabi/5.2.1/../../../../arm-none-eabi/lib/armv7e-m/fpu\libnosys.a
END GROUP
LOAD d:/program files (x86)/eclipse/system workbench for stm32/plugins/fr.ac6.mcu.externaltools.arm-none.win32_1.7.0.201602121829/tools/compiler/bin/../lib/gcc/arm-none-eabi/5.2.1/armv7e-m/fpu/crtend.o
LOAD d:/program files (x86)/eclipse/system workbench for stm32/plugins/fr.ac6.mcu.externaltools.arm-none.win32_1.7.0.201602121829/tools/compiler/bin/../lib/gcc/arm-none-eabi/5.2.1/armv7e-m/fpu/crtn.o
                0x20018000                _estack = 0x20018000
                0x00000200                _Min_Heap_Size = 0x200
                0x00000400                _Min_Stack_Size = 0x400

.isr_vector     0x08000000      0x188
                0x08000000                . = ALIGN (0x8)
 *(.isr_vector)
 .isr_vector    0x08000000      0x188 Application/SW4STM32/startup_stm32l476xx.o
                0x08000000                g_pfnVectors
                0x08000188                . = ALIGN (0x8)

.text           0x08000190     0x4aa8
                0x08000190                . = ALIGN (0x8)
 *(.text)
 .text          0x08000190       0xa4 d:/program files (x86)/eclipse/system workbench for stm32/plugins/fr.ac6.mcu.externaltools.arm-none.win32_1.7.0.201602121829/tools/compiler/bin/../lib/gcc/arm-none-eabi/5.2.1/armv7e-m/fpu/crtbegin.o
 .text          0x08000234       0x30 d:/program files (x86)/eclipse/system workbench for stm32/plugins/fr.ac6.mcu.externaltools.arm-none.win32_1.7.0.201602121829/tools/compiler/bin/../lib/gcc/arm-none-eabi/5.2.1/armv7e-m/fpu\libgcc.a(_aeabi_uldivmod.o)
                0x08000234                __aeabi_uldivmod
 .text          0x08000264      0x2e4 d:/program files (x86)/eclipse/system workbench for stm32/plugins/fr.ac6.mcu.externaltools.arm-none.win32_1.7.0.201602121829/tools/compiler/bin/../lib/gcc/arm-none-eabi/5.2.1/armv7e-m/fpu\libgcc.a(_udivmoddi4.o)
                0x08000264                __udivmoddi4
 .text          0x08000548        0x4 d:/program files (x86)/eclipse/system workbench for stm32/plugins/fr.ac6.mcu.externaltools.arm-none.win32_1.7.0.201602121829/tools/compiler/bin/../lib/gcc/arm-none-eabi/5.2.1/armv7e-m/fpu\libgcc.a(_dvmd_tls.o)
                0x08000548                __aeabi_idiv0
                0x08000548                __aeabi_ldiv0
 *fill*         0x0800054c        0x4 
 .text          0x08000550       0xa0 d:/program files (x86)/eclipse/system workbench for stm32/plugins/fr.ac6.mcu.externaltools.arm-none.win32_1.7.0.201602121829/tools/compiler/bin/../lib/gcc/arm-none-eabi/5.2.1/../../../../arm-none-eabi/lib/armv7e-m/fpu\libc_nano.a(lib_a-memchr.o)
                0x08000550                memchr
 *(.text*)
 .text.Reset_Handler
                0x080005f0       0x50 Application/SW4STM32/startup_stm32l476xx.o
                0x080005f0                Reset_Handler
 .text.Default_Handler
                0x08000640        0x2 Application/SW4STM32/startup_stm32l476xx.o
                0x08000640                RTC_Alarm_IRQHandler
                0x08000640                TIM8_TRG_COM_IRQHandler
                0x08000640                TIM8_CC_IRQHandler
                0x08000640                DebugMon_Handler
                0x08000640                TIM1_CC_IRQHandler
                0x08000640                TSC_IRQHandler
                0x08000640                HardFault_Handler
                0x08000640                TAMP_STAMP_IRQHandler
                0x08000640                NMI_Handler
                0x08000640                EXTI3_IRQHandler
                0x08000640                LPTIM2_IRQHandler
                0x08000640                DFSDM1_FLT1_IRQHandler
                0x08000640                I2C3_ER_IRQHandler
                0x08000640                DFSDM1_FLT2_IRQHandler
                0x08000640                EXTI0_IRQHandler
                0x08000640                I2C2_EV_IRQHandler
                0x08000640                CAN1_RX0_IRQHandler
                0x08000640                FPU_IRQHandler
                0x08000640                UsageFault_Handler
                0x08000640                ADC1_2_IRQHandler
                0x08000640                SPI1_IRQHandler
                0x08000640                TIM6_DAC_IRQHandler
                0x08000640                TIM8_UP_IRQHandler
                0x08000640                DMA2_Channel2_IRQHandler
                0x08000640                DMA1_Channel4_IRQHandler
                0x08000640                SAI2_IRQHandler
                0x08000640                DFSDM1_FLT3_IRQHandler
                0x08000640                USART3_IRQHandler
                0x08000640                DMA1_Channel7_IRQHandler
                0x08000640                CAN1_RX1_IRQHandler
                0x08000640                LCD_IRQHandler
                0x08000640                UART5_IRQHandler
                0x08000640                ADC3_IRQHandler
                0x08000640                TIM4_IRQHandler
                0x08000640                DMA2_Channel1_IRQHandler
                0x08000640                QUADSPI_IRQHandler
                0x08000640                I2C1_EV_IRQHandler
                0x08000640                DMA1_Channel6_IRQHandler
                0x08000640                UART4_IRQHandler
                0x08000640                DMA2_Channel4_IRQHandler
                0x08000640                TIM3_IRQHandler
                0x08000640                RCC_IRQHandler
                0x08000640                DMA1_Channel1_IRQHandler
                0x08000640                Default_Handler
                0x08000640                DMA2_Channel7_IRQHandler
                0x08000640                EXTI15_10_IRQHandler
                0x08000640                TIM7_IRQHandler
                0x08000640                SDMMC1_IRQHandler
                0x08000640                TIM5_IRQHandler
                0x08000640                I2C3_EV_IRQHandler
                0x08000640                EXTI9_5_IRQHandler
                0x08000640                RTC_WKUP_IRQHandler
                0x08000640                PVD_PVM_IRQHandler
                0x08000640                SPI2_IRQHandler
                0x08000640                MemManage_Handler
                0x08000640                CAN1_TX_IRQHandler
                0x08000640                DMA2_Channel5_IRQHandler
                0x08000640                DMA1_Channel5_IRQHandler
                0x08000640                EXTI4_IRQHandler
                0x08000640                RNG_IRQHandler
                0x08000640                TIM1_TRG_COM_TIM17_IRQHandler
                0x08000640                DMA1_Channel3_IRQHandler
                0x08000640                COMP_IRQHandler
                0x08000640                WWDG_IRQHandler
                0x08000640                LPUART1_IRQHandler
                0x08000640                DMA2_Channel6_IRQHandler
                0x08000640                TIM2_IRQHandler
                0x08000640                EXTI1_IRQHandler
                0x08000640                DFSDM1_FLT0_IRQHandler
                0x08000640                I2C2_ER_IRQHandler
                0x08000640                DMA1_Channel2_IRQHandler
                0x08000640                TIM8_BRK_IRQHandler
                0x08000640                CAN1_SCE_IRQHandler
                0x08000640                FLASH_IRQHandler
                0x08000640                BusFault_Handler
                0x08000640                USART1_IRQHandler
                0x08000640                OTG_FS_IRQHandler
                0x08000640                SPI3_IRQHandler
                0x08000640                I2C1_ER_IRQHandler
                0x08000640                FMC_IRQHandler
                0x08000640                SWPMI1_IRQHandler
                0x08000640                LPTIM1_IRQHandler
                0x08000640                SAI1_IRQHandler
                0x08000640                DMA2_Channel3_IRQHandler
                0x08000640                TIM1_BRK_TIM15_IRQHandler
 *fill*         0x08000642        0x2 
 .text.TaskUART
                0x08000644       0xf0 Application/User/main.o
                0x08000644                TaskUART
 .text.SystemClock_Config
                0x08000734       0xa8 Application/User/main.o
                0x08000734                SystemClock_Config
 .text.startup.main
                0x080007dc      0x25c Application/User/main.o
                0x080007dc                main
 .text.HAL_UART_RxCpltCallback
                0x08000a38       0x44 Application/User/main.o
                0x08000a38                HAL_UART_RxCpltCallback
 .text.HAL_GPIO_EXTI_Callback
                0x08000a7c       0x54 Application/User/main.o
                0x08000a7c                HAL_GPIO_EXTI_Callback
 .text.HAL_TIM_PeriodElapsedCallback
                0x08000ad0       0x14 Application/User/main.o
                0x08000ad0                HAL_TIM_PeriodElapsedCallback
 .text.HAL_MspInit
                0x08000ae4       0x8c Application/User/stm32l4xx_hal_msp.o
                0x08000ae4                HAL_MspInit
 .text.HAL_I2C_MspInit
                0x08000b70       0x4c Application/User/stm32l4xx_hal_msp.o
                0x08000b70                HAL_I2C_MspInit
 .text.HAL_TIM_PWM_MspInit
                0x08000bbc       0x28 Application/User/stm32l4xx_hal_msp.o
                0x08000bbc                HAL_TIM_PWM_MspInit
 .text.HAL_TIM_MspPostInit
                0x08000be4       0x30 Application/User/stm32l4xx_hal_msp.o
                0x08000be4                HAL_TIM_MspPostInit
 .text.HAL_UART_MspInit
                0x08000c14       0x58 Application/User/stm32l4xx_hal_msp.o
                0x08000c14                HAL_UART_MspInit
 .text.HAL_InitTick
                0x08000c6c       0x78 Application/User/stm32l4xx_hal_timebase_TIM.o
                0x08000c6c                HAL_InitTick
 .text.SysTick_Handler
                0x08000ce4        0x4 Application/User/stm32l4xx_it.o
                0x08000ce4                SysTick_Handler
 .text.EXTI2_IRQHandler
                0x08000ce8        0x6 Application/User/stm32l4xx_it.o
                0x08000ce8                EXTI2_IRQHandler
 *fill*         0x08000cee        0x2 
 .text.TIM1_UP_TIM16_IRQHandler
                0x08000cf0        0xc Application/User/stm32l4xx_it.o
                0x08000cf0                TIM1_UP_TIM16_IRQHandler
 .text.USART2_IRQHandler
                0x08000cfc        0xc Application/User/stm32l4xx_it.o
                0x08000cfc                USART2_IRQHandler
 .text.SystemInit
                0x08000d08       0x48 Drivers/CMSIS/system_stm32l4xx.o
                0x08000d08                SystemInit
 .text.HAL_Init
                0x08000d50       0x24 Drivers/STM32L4xx_HAL_Driver/stm32l4xx_hal.o
                0x08000d50                HAL_Init
 .text.HAL_IncTick
                0x08000d74       0x10 Drivers/STM32L4xx_HAL_Driver/stm32l4xx_hal.o
                0x08000d74                HAL_IncTick
 .text.HAL_GetTick
                0x08000d84        0xc Drivers/STM32L4xx_HAL_Driver/stm32l4xx_hal.o
                0x08000d84                HAL_GetTick
 .text.HAL_NVIC_SetPriorityGrouping
                0x08000d90       0x24 Drivers/STM32L4xx_HAL_Driver/stm32l4xx_hal_cortex.o
                0x08000d90                HAL_NVIC_SetPriorityGrouping
 .text.HAL_NVIC_SetPriority
                0x08000db4       0x68 Drivers/STM32L4xx_HAL_Driver/stm32l4xx_hal_cortex.o
                0x08000db4                HAL_NVIC_SetPriority
 .text.HAL_NVIC_EnableIRQ
                0x08000e1c       0x18 Drivers/STM32L4xx_HAL_Driver/stm32l4xx_hal_cortex.o
                0x08000e1c                HAL_NVIC_EnableIRQ
 .text.HAL_SYSTICK_Config
                0x08000e34       0x2c Drivers/STM32L4xx_HAL_Driver/stm32l4xx_hal_cortex.o
                0x08000e34                HAL_SYSTICK_Config
 .text.HAL_SYSTICK_CLKSourceConfig
                0x08000e60       0x18 Drivers/STM32L4xx_HAL_Driver/stm32l4xx_hal_cortex.o
                0x08000e60                HAL_SYSTICK_CLKSourceConfig
 .text.HAL_DMA_Abort_IT
                0x08000e78       0x48 Drivers/STM32L4xx_HAL_Driver/stm32l4xx_hal_dma.o
                0x08000e78                HAL_DMA_Abort_IT
 .text.HAL_GPIO_Init
                0x08000ec0      0x1bc Drivers/STM32L4xx_HAL_Driver/stm32l4xx_hal_gpio.o
                0x08000ec0                HAL_GPIO_Init
 .text.HAL_GPIO_ReadPin
                0x0800107c        0xc Drivers/STM32L4xx_HAL_Driver/stm32l4xx_hal_gpio.o
                0x0800107c                HAL_GPIO_ReadPin
 .text.HAL_GPIO_WritePin
                0x08001088        0xa Drivers/STM32L4xx_HAL_Driver/stm32l4xx_hal_gpio.o
                0x08001088                HAL_GPIO_WritePin
 *fill*         0x08001092        0x2 
 .text.HAL_GPIO_EXTI_IRQHandler
                0x08001094       0x18 Drivers/STM32L4xx_HAL_Driver/stm32l4xx_hal_gpio.o
                0x08001094                HAL_GPIO_EXTI_IRQHandler
 .text.HAL_I2C_Init
                0x080010ac       0xa2 Drivers/STM32L4xx_HAL_Driver/stm32l4xx_hal_i2c.o
                0x080010ac                HAL_I2C_Init
 .text.HAL_I2CEx_ConfigAnalogFilter
                0x0800114e       0x4c Drivers/STM32L4xx_HAL_Driver/stm32l4xx_hal_i2c_ex.o
                0x0800114e                HAL_I2CEx_ConfigAnalogFilter
 *fill*         0x0800119a        0x2 
 .text.HAL_PWREx_GetVoltageRange
                0x0800119c       0x10 Drivers/STM32L4xx_HAL_Driver/stm32l4xx_hal_pwr_ex.o
                0x0800119c                HAL_PWREx_GetVoltageRange
 .text.HAL_PWREx_ControlVoltageScaling
                0x080011ac       0x6c Drivers/STM32L4xx_HAL_Driver/stm32l4xx_hal_pwr_ex.o
                0x080011ac                HAL_PWREx_ControlVoltageScaling
 .text.RCC_SetFlashLatencyFromMSIRange
                0x08001218       0x84 Drivers/STM32L4xx_HAL_Driver/stm32l4xx_hal_rcc.o
 .text.HAL_RCC_MCOConfig
                0x0800129c       0x4c Drivers/STM32L4xx_HAL_Driver/stm32l4xx_hal_rcc.o
                0x0800129c                HAL_RCC_MCOConfig
 .text.HAL_RCC_GetSysClockFreq
                0x080012e8      0x13c Drivers/STM32L4xx_HAL_Driver/stm32l4xx_hal_rcc.o
                0x080012e8                HAL_RCC_GetSysClockFreq
 .text.HAL_RCC_OscConfig
                0x08001424      0x48c Drivers/STM32L4xx_HAL_Driver/stm32l4xx_hal_rcc.o
                0x08001424                HAL_RCC_OscConfig
 .text.HAL_RCC_ClockConfig
                0x080018b0      0x170 Drivers/STM32L4xx_HAL_Driver/stm32l4xx_hal_rcc.o
                0x080018b0                HAL_RCC_ClockConfig
 .text.HAL_RCC_GetHCLKFreq
                0x08001a20        0xc Drivers/STM32L4xx_HAL_Driver/stm32l4xx_hal_rcc.o
                0x08001a20                HAL_RCC_GetHCLKFreq
 .text.HAL_RCC_GetPCLK1Freq
                0x08001a2c       0x30 Drivers/STM32L4xx_HAL_Driver/stm32l4xx_hal_rcc.o
                0x08001a2c                HAL_RCC_GetPCLK1Freq
 .text.HAL_RCC_GetPCLK2Freq
                0x08001a5c       0x30 Drivers/STM32L4xx_HAL_Driver/stm32l4xx_hal_rcc.o
                0x08001a5c                HAL_RCC_GetPCLK2Freq
 .text.HAL_RCC_GetClockConfig
                0x08001a8c       0x3c Drivers/STM32L4xx_HAL_Driver/stm32l4xx_hal_rcc.o
                0x08001a8c                HAL_RCC_GetClockConfig
 .text.RCCEx_PLLSAI1_Config
                0x08001ac8      0x170 Drivers/STM32L4xx_HAL_Driver/stm32l4xx_hal_rcc_ex.o
 .text.RCCEx_PLLSAI2_Config
                0x08001c38      0x140 Drivers/STM32L4xx_HAL_Driver/stm32l4xx_hal_rcc_ex.o
 .text.HAL_RCCEx_PeriphCLKConfig
                0x08001d78      0x3cc Drivers/STM32L4xx_HAL_Driver/stm32l4xx_hal_rcc_ex.o
                0x08001d78                HAL_RCCEx_PeriphCLKConfig
 .text.TIM_OC1_SetConfig
                0x08002144       0x98 Drivers/STM32L4xx_HAL_Driver/stm32l4xx_hal_tim.o
 .text.TIM_OC3_SetConfig
                0x080021dc       0x8c Drivers/STM32L4xx_HAL_Driver/stm32l4xx_hal_tim.o
 .text.TIM_OC4_SetConfig
                0x08002268       0x68 Drivers/STM32L4xx_HAL_Driver/stm32l4xx_hal_tim.o
 .text.TIM_OC5_SetConfig
                0x080022d0       0x68 Drivers/STM32L4xx_HAL_Driver/stm32l4xx_hal_tim.o
 .text.TIM_OC6_SetConfig
                0x08002338       0x68 Drivers/STM32L4xx_HAL_Driver/stm32l4xx_hal_tim.o
 .text.HAL_TIM_Base_MspInit
                0x080023a0        0x2 Drivers/STM32L4xx_HAL_Driver/stm32l4xx_hal_tim.o
                0x080023a0                HAL_TIM_Base_MspInit
 .text.HAL_TIM_Base_Start_IT
                0x080023a2       0x16 Drivers/STM32L4xx_HAL_Driver/stm32l4xx_hal_tim.o
                0x080023a2                HAL_TIM_Base_Start_IT
 .text.HAL_TIM_OC_DelayElapsedCallback
                0x080023b8        0x2 Drivers/STM32L4xx_HAL_Driver/stm32l4xx_hal_tim.o
                0x080023b8                HAL_TIM_OC_DelayElapsedCallback
 .text.HAL_TIM_IC_CaptureCallback
                0x080023ba        0x2 Drivers/STM32L4xx_HAL_Driver/stm32l4xx_hal_tim.o
                0x080023ba                HAL_TIM_IC_CaptureCallback
 .text.HAL_TIM_PWM_PulseFinishedCallback
                0x080023bc        0x2 Drivers/STM32L4xx_HAL_Driver/stm32l4xx_hal_tim.o
                0x080023bc                HAL_TIM_PWM_PulseFinishedCallback
 .text.HAL_TIM_TriggerCallback
                0x080023be        0x2 Drivers/STM32L4xx_HAL_Driver/stm32l4xx_hal_tim.o
                0x080023be                HAL_TIM_TriggerCallback
 .text.HAL_TIM_IRQHandler
                0x080023c0      0x144 Drivers/STM32L4xx_HAL_Driver/stm32l4xx_hal_tim.o
                0x080023c0                HAL_TIM_IRQHandler
 .text.TIM_Base_SetConfig
                0x08002504       0xc4 Drivers/STM32L4xx_HAL_Driver/stm32l4xx_hal_tim.o
                0x08002504                TIM_Base_SetConfig
 .text.HAL_TIM_Base_Init
                0x080025c8       0x34 Drivers/STM32L4xx_HAL_Driver/stm32l4xx_hal_tim.o
                0x080025c8                HAL_TIM_Base_Init
 .text.HAL_TIM_PWM_Init
                0x080025fc       0x34 Drivers/STM32L4xx_HAL_Driver/stm32l4xx_hal_tim.o
                0x080025fc                HAL_TIM_PWM_Init
 .text.TIM_OC2_SetConfig
                0x08002630       0x8c Drivers/STM32L4xx_HAL_Driver/stm32l4xx_hal_tim.o
                0x08002630                TIM_OC2_SetConfig
 .text.HAL_TIM_PWM_ConfigChannel
                0x080026bc      0x10c Drivers/STM32L4xx_HAL_Driver/stm32l4xx_hal_tim.o
                0x080026bc                HAL_TIM_PWM_ConfigChannel
 .text.TIM_CCxChannelCmd
                0x080027c8       0x1a Drivers/STM32L4xx_HAL_Driver/stm32l4xx_hal_tim.o
                0x080027c8                TIM_CCxChannelCmd
 *fill*         0x080027e2        0x2 
 .text.HAL_TIM_PWM_Start
                0x080027e4       0x4c Drivers/STM32L4xx_HAL_Driver/stm32l4xx_hal_tim.o
                0x080027e4                HAL_TIM_PWM_Start
 .text.HAL_TIMEx_MasterConfigSynchronization
                0x08002830       0x4c Drivers/STM32L4xx_HAL_Driver/stm32l4xx_hal_tim_ex.o
                0x08002830                HAL_TIMEx_MasterConfigSynchronization
 .text.HAL_TIMEx_CommutationCallback
                0x0800287c        0x2 Drivers/STM32L4xx_HAL_Driver/stm32l4xx_hal_tim_ex.o
                0x0800287c                HAL_TIMEx_CommutationCallback
 .text.HAL_TIMEx_BreakCallback
                0x0800287e        0x2 Drivers/STM32L4xx_HAL_Driver/stm32l4xx_hal_tim_ex.o
                0x0800287e                HAL_TIMEx_BreakCallback
 .text.UART_EndRxTransfer
                0x08002880       0x1a Drivers/STM32L4xx_HAL_Driver/stm32l4xx_hal_uart.o
 .text.HAL_UART_Transmit_IT
                0x0800289a       0x42 Drivers/STM32L4xx_HAL_Driver/stm32l4xx_hal_uart.o
                0x0800289a                HAL_UART_Transmit_IT
 .text.HAL_UART_Receive_IT
                0x080028dc       0x86 Drivers/STM32L4xx_HAL_Driver/stm32l4xx_hal_uart.o
                0x080028dc                HAL_UART_Receive_IT
 .text.HAL_UART_TxCpltCallback
                0x08002962        0x2 Drivers/STM32L4xx_HAL_Driver/stm32l4xx_hal_uart.o
                0x08002962                HAL_UART_TxCpltCallback
 .text.UART_Receive_IT
                0x08002964       0x72 Drivers/STM32L4xx_HAL_Driver/stm32l4xx_hal_uart.o
 .text.HAL_UART_ErrorCallback
                0x080029d6        0x2 Drivers/STM32L4xx_HAL_Driver/stm32l4xx_hal_uart.o
                0x080029d6                HAL_UART_ErrorCallback
 .text.HAL_UART_IRQHandler
                0x080029d8      0x184 Drivers/STM32L4xx_HAL_Driver/stm32l4xx_hal_uart.o
                0x080029d8                HAL_UART_IRQHandler
 .text.UART_DMAAbortOnError
                0x08002b5c       0x14 Drivers/STM32L4xx_HAL_Driver/stm32l4xx_hal_uart.o
 .text.UART_SetConfig
                0x08002b70      0x2f4 Drivers/STM32L4xx_HAL_Driver/stm32l4xx_hal_uart.o
                0x08002b70                UART_SetConfig
 .text.UART_AdvFeatureConfig
                0x08002e64       0xa8 Drivers/STM32L4xx_HAL_Driver/stm32l4xx_hal_uart.o
                0x08002e64                UART_AdvFeatureConfig
 .text.UART_WaitOnFlagUntilTimeout
                0x08002f0c       0x62 Drivers/STM32L4xx_HAL_Driver/stm32l4xx_hal_uart.o
                0x08002f0c                UART_WaitOnFlagUntilTimeout
 .text.UART_CheckIdleState
                0x08002f6e       0x68 Drivers/STM32L4xx_HAL_Driver/stm32l4xx_hal_uart.o
                0x08002f6e                UART_CheckIdleState
 .text.HAL_UART_Init
                0x08002fd6       0x64 Drivers/STM32L4xx_HAL_Driver/stm32l4xx_hal_uart.o
                0x08002fd6                HAL_UART_Init
 .text.HAL_UARTEx_WakeupCallback
                0x0800303a        0x2 Drivers/STM32L4xx_HAL_Driver/stm32l4xx_hal_uart_ex.o
                0x0800303a                HAL_UARTEx_WakeupCallback
 .text.osKernelStart
                0x0800303c        0xa Middlewares/FreeRTOS/cmsis_os.o
                0x0800303c                osKernelStart
 .text.osThreadCreate
                0x08003046       0x38 Middlewares/FreeRTOS/cmsis_os.o
                0x08003046                osThreadCreate
 .text.osMessageCreate
                0x0800307e        0x8 Middlewares/FreeRTOS/cmsis_os.o
                0x0800307e                osMessageCreate
 .text.osSystickHandler
                0x08003086       0x14 Middlewares/FreeRTOS/cmsis_os.o
                0x08003086                osSystickHandler
 *fill*         0x0800309a        0x2 
 .text.unlikely.prvInsertBlockIntoFreeList
                0x0800309c       0x44 Middlewares/FreeRTOS/heap_4.o
 .text.pvPortMalloc
                0x080030e0      0x11c Middlewares/FreeRTOS/heap_4.o
                0x080030e0                pvPortMalloc
 .text.vPortFree
                0x080031fc       0x70 Middlewares/FreeRTOS/heap_4.o
                0x080031fc                vPortFree
 .text.vListInitialise
                0x0800326c       0x16 Middlewares/FreeRTOS/list.o
                0x0800326c                vListInitialise
 .text.vListInitialiseItem
                0x08003282        0x6 Middlewares/FreeRTOS/list.o
                0x08003282                vListInitialiseItem
 .text.vListInsertEnd
                0x08003288       0x18 Middlewares/FreeRTOS/list.o
                0x08003288                vListInsertEnd
 .text.vListInsert
                0x080032a0       0x30 Middlewares/FreeRTOS/list.o
                0x080032a0                vListInsert
 .text.uxListRemove
                0x080032d0       0x20 Middlewares/FreeRTOS/list.o
                0x080032d0                uxListRemove
 .text.prvTaskExitError
                0x080032f0       0x30 Middlewares/FreeRTOS/port.o
 .text.prvPortStartFirstTask
                0x08003320       0x20 Middlewares/FreeRTOS/port.o
 .text.vPortEnableVFP
                0x08003340       0x14 Middlewares/FreeRTOS/port.o
 .text.pxPortInitialiseStack
                0x08003354       0x24 Middlewares/FreeRTOS/port.o
                0x08003354                pxPortInitialiseStack
 .text.SVC_Handler
                0x08003378       0x20 Middlewares/FreeRTOS/port.o
                0x08003378                SVC_Handler
 .text.vPortEnterCritical
                0x08003398       0x44 Middlewares/FreeRTOS/port.o
                0x08003398                vPortEnterCritical
 .text.vPortExitCritical
                0x080033dc       0x28 Middlewares/FreeRTOS/port.o
                0x080033dc                vPortExitCritical
 .text.PendSV_Handler
                0x08003404       0x60 Middlewares/FreeRTOS/port.o
                0x08003404                PendSV_Handler
 .text.xPortSysTickHandler
                0x08003464       0x30 Middlewares/FreeRTOS/port.o
                0x08003464                xPortSysTickHandler
 .text.vPortSetupTimerInterrupt
                0x08003494       0x28 Middlewares/FreeRTOS/port.o
                0x08003494                vPortSetupTimerInterrupt
 .text.xPortStartScheduler
                0x080034bc       0xe4 Middlewares/FreeRTOS/port.o
                0x080034bc                xPortStartScheduler
 .text.vPortValidateInterruptPriority
                0x080035a0       0x54 Middlewares/FreeRTOS/port.o
                0x080035a0                vPortValidateInterruptPriority
 .text.unlikely.prvCopyDataToQueue
                0x080035f4       0x6a Middlewares/FreeRTOS/queue.o
 .text.unlikely.prvCopyDataFromQueue
                0x0800365e       0x2a Middlewares/FreeRTOS/queue.o
 .text.prvUnlockQueue
                0x08003688       0x68 Middlewares/FreeRTOS/queue.o
 .text.xQueueGenericReset
                0x080036f0       0x80 Middlewares/FreeRTOS/queue.o
                0x080036f0                xQueueGenericReset
 .text.xQueueGenericCreate
                0x08003770       0x64 Middlewares/FreeRTOS/queue.o
                0x08003770                xQueueGenericCreate
 .text.xQueueGenericSendFromISR
                0x080037d4       0xb8 Middlewares/FreeRTOS/queue.o
                0x080037d4                xQueueGenericSendFromISR
 .text.xQueueGenericReceive
                0x0800388c      0x16c Middlewares/FreeRTOS/queue.o
                0x0800388c                xQueueGenericReceive
 .text.prvResetNextTaskUnblockTime
                0x080039f8       0x20 Middlewares/FreeRTOS/tasks.o
 .text.prvAddCurrentTaskToDelayedList
                0x08003a18       0x38 Middlewares/FreeRTOS/tasks.o
 .text.xTaskGenericCreate.part.5
                0x08003a50      0x1a0 Middlewares/FreeRTOS/tasks.o
 .text.vTaskSetTimeOutState.part.7
                0x08003bf0       0x12 Middlewares/FreeRTOS/tasks.o
 .text.xTaskGenericCreate
                0x08003c02       0x3c Middlewares/FreeRTOS/tasks.o
                0x08003c02                xTaskGenericCreate
 *fill*         0x08003c3e        0x2 
 .text.vTaskStartScheduler
                0x08003c40       0x68 Middlewares/FreeRTOS/tasks.o
                0x08003c40                vTaskStartScheduler
 .text.vTaskSuspendAll
                0x08003ca8       0x14 Middlewares/FreeRTOS/tasks.o
                0x08003ca8                vTaskSuspendAll
 .text.xTaskIncrementTick
                0x08003cbc       0xf4 Middlewares/FreeRTOS/tasks.o
                0x08003cbc                xTaskIncrementTick
 .text.xTaskResumeAll
                0x08003db0       0xe8 Middlewares/FreeRTOS/tasks.o
                0x08003db0                xTaskResumeAll
 .text.prvIdleTask
                0x08003e98       0x70 Middlewares/FreeRTOS/tasks.o
 .text.vTaskSwitchContext
                0x08003f08       0x68 Middlewares/FreeRTOS/tasks.o
                0x08003f08                vTaskSwitchContext
 .text.vTaskPlaceOnEventList
                0x08003f70       0x68 Middlewares/FreeRTOS/tasks.o
                0x08003f70                vTaskPlaceOnEventList
 .text.xTaskRemoveFromEventList
                0x08003fd8       0x78 Middlewares/FreeRTOS/tasks.o
                0x08003fd8                xTaskRemoveFromEventList
 .text.vTaskSetTimeOutState
                0x08004050       0x1c Middlewares/FreeRTOS/tasks.o
                0x08004050                vTaskSetTimeOutState
 .text.xTaskCheckForTimeOut
                0x0800406c       0x70 Middlewares/FreeRTOS/tasks.o
                0x0800406c                xTaskCheckForTimeOut
 .text.vTaskMissedYield
                0x080040dc       0x10 Middlewares/FreeRTOS/tasks.o
                0x080040dc                vTaskMissedYield
 .text.xTaskGetSchedulerState
                0x080040ec       0x20 Middlewares/FreeRTOS/tasks.o
                0x080040ec                xTaskGetSchedulerState
 .text.vTaskPriorityInherit
                0x0800410c       0x94 Middlewares/FreeRTOS/tasks.o
                0x0800410c                vTaskPriorityInherit
 .text.xTaskPriorityDisinherit
                0x080041a0       0xa4 Middlewares/FreeRTOS/tasks.o
                0x080041a0                xTaskPriorityDisinherit
 .text.pvTaskIncrementMutexHeldCount
                0x08004244       0x18 Middlewares/FreeRTOS/tasks.o
                0x08004244                pvTaskIncrementMutexHeldCount
 .text.atoi     0x0800425c        0x8 d:/program files (x86)/eclipse/system workbench for stm32/plugins/fr.ac6.mcu.externaltools.arm-none.win32_1.7.0.201602121829/tools/compiler/bin/../lib/gcc/arm-none-eabi/5.2.1/../../../../arm-none-eabi/lib/armv7e-m/fpu\libc_nano.a(lib_a-atoi.o)
                0x0800425c                atoi
 .text.__libc_init_array
                0x08004264       0x4c d:/program files (x86)/eclipse/system workbench for stm32/plugins/fr.ac6.mcu.externaltools.arm-none.win32_1.7.0.201602121829/tools/compiler/bin/../lib/gcc/arm-none-eabi/5.2.1/../../../../arm-none-eabi/lib/armv7e-m/fpu\libc_nano.a(lib_a-init.o)
                0x08004264                __libc_init_array
 .text.memcpy   0x080042b0       0x16 d:/program files (x86)/eclipse/system workbench for stm32/plugins/fr.ac6.mcu.externaltools.arm-none.win32_1.7.0.201602121829/tools/compiler/bin/../lib/gcc/arm-none-eabi/5.2.1/../../../../arm-none-eabi/lib/armv7e-m/fpu\libc_nano.a(lib_a-memcpy-stub.o)
                0x080042b0                memcpy
 .text.memset   0x080042c6       0x10 d:/program files (x86)/eclipse/system workbench for stm32/plugins/fr.ac6.mcu.externaltools.arm-none.win32_1.7.0.201602121829/tools/compiler/bin/../lib/gcc/arm-none-eabi/5.2.1/../../../../arm-none-eabi/lib/armv7e-m/fpu\libc_nano.a(lib_a-memset.o)
                0x080042c6                memset
 *fill*         0x080042d6        0x2 
 .text.sprintf  0x080042d8       0x48 d:/program files (x86)/eclipse/system workbench for stm32/plugins/fr.ac6.mcu.externaltools.arm-none.win32_1.7.0.201602121829/tools/compiler/bin/../lib/gcc/arm-none-eabi/5.2.1/../../../../arm-none-eabi/lib/armv7e-m/fpu\libc_nano.a(lib_a-sprintf.o)
                0x080042d8                siprintf
                0x080042d8                sprintf
 .text._strtol_r
                0x08004320      0x10c d:/program files (x86)/eclipse/system workbench for stm32/plugins/fr.ac6.mcu.externaltools.arm-none.win32_1.7.0.201602121829/tools/compiler/bin/../lib/gcc/arm-none-eabi/5.2.1/../../../../arm-none-eabi/lib/armv7e-m/fpu\libc_nano.a(lib_a-strtol.o)
                0x08004320                _strtol_r
 .text.strtol   0x0800442c       0x14 d:/program files (x86)/eclipse/system workbench for stm32/plugins/fr.ac6.mcu.externaltools.arm-none.win32_1.7.0.201602121829/tools/compiler/bin/../lib/gcc/arm-none-eabi/5.2.1/../../../../arm-none-eabi/lib/armv7e-m/fpu\libc_nano.a(lib_a-strtol.o)
                0x0800442c                strtol
 .text.__ssputs_r
                0x08004440       0xb2 d:/program files (x86)/eclipse/system workbench for stm32/plugins/fr.ac6.mcu.externaltools.arm-none.win32_1.7.0.201602121829/tools/compiler/bin/../lib/gcc/arm-none-eabi/5.2.1/../../../../arm-none-eabi/lib/armv7e-m/fpu\libc_nano.a(lib_a-nano-svfprintf.o)
                0x08004440                __ssputs_r
 *fill*         0x080044f2        0x2 
 .text._svfprintf_r
                0x080044f4      0x1e8 d:/program files (x86)/eclipse/system workbench for stm32/plugins/fr.ac6.mcu.externaltools.arm-none.win32_1.7.0.201602121829/tools/compiler/bin/../lib/gcc/arm-none-eabi/5.2.1/../../../../arm-none-eabi/lib/armv7e-m/fpu\libc_nano.a(lib_a-nano-svfprintf.o)
                0x080044f4                _svfiprintf_r
                0x080044f4                _svfprintf_r
 .text._printf_common
                0x080046dc       0xec d:/program files (x86)/eclipse/system workbench for stm32/plugins/fr.ac6.mcu.externaltools.arm-none.win32_1.7.0.201602121829/tools/compiler/bin/../lib/gcc/arm-none-eabi/5.2.1/../../../../arm-none-eabi/lib/armv7e-m/fpu\libc_nano.a(lib_a-nano-vfprintf_i.o)
                0x080046dc                _printf_common
 .text._printf_i
                0x080047c8      0x24c d:/program files (x86)/eclipse/system workbench for stm32/plugins/fr.ac6.mcu.externaltools.arm-none.win32_1.7.0.201602121829/tools/compiler/bin/../lib/gcc/arm-none-eabi/5.2.1/../../../../arm-none-eabi/lib/armv7e-m/fpu\libc_nano.a(lib_a-nano-vfprintf_i.o)
                0x080047c8                _printf_i
 .text.memmove  0x08004a14       0x36 d:/program files (x86)/eclipse/system workbench for stm32/plugins/fr.ac6.mcu.externaltools.arm-none.win32_1.7.0.201602121829/tools/compiler/bin/../lib/gcc/arm-none-eabi/5.2.1/../../../../arm-none-eabi/lib/armv7e-m/fpu\libc_nano.a(lib_a-memmove.o)
                0x08004a14                memmove
 *fill*         0x08004a4a        0x2 
 .text._free_r  0x08004a4c       0x8c d:/program files (x86)/eclipse/system workbench for stm32/plugins/fr.ac6.mcu.externaltools.arm-none.win32_1.7.0.201602121829/tools/compiler/bin/../lib/gcc/arm-none-eabi/5.2.1/../../../../arm-none-eabi/lib/armv7e-m/fpu\libc_nano.a(lib_a-nano-freer.o)
                0x08004a4c                _free_r
 .text._malloc_r
                0x08004ad8       0xa8 d:/program files (x86)/eclipse/system workbench for stm32/plugins/fr.ac6.mcu.externaltools.arm-none.win32_1.7.0.201602121829/tools/compiler/bin/../lib/gcc/arm-none-eabi/5.2.1/../../../../arm-none-eabi/lib/armv7e-m/fpu\libc_nano.a(lib_a-nano-mallocr.o)
                0x08004ad8                _malloc_r
 .text._realloc_r
                0x08004b80       0x4c d:/program files (x86)/eclipse/system workbench for stm32/plugins/fr.ac6.mcu.externaltools.arm-none.win32_1.7.0.201602121829/tools/compiler/bin/../lib/gcc/arm-none-eabi/5.2.1/../../../../arm-none-eabi/lib/armv7e-m/fpu\libc_nano.a(lib_a-nano-reallocr.o)
                0x08004b80                _realloc_r
 .text._sbrk_r  0x08004bcc       0x20 d:/program files (x86)/eclipse/system workbench for stm32/plugins/fr.ac6.mcu.externaltools.arm-none.win32_1.7.0.201602121829/tools/compiler/bin/../lib/gcc/arm-none-eabi/5.2.1/../../../../arm-none-eabi/lib/armv7e-m/fpu\libc_nano.a(lib_a-sbrkr.o)
                0x08004bcc                _sbrk_r
 .text._malloc_usable_size_r
                0x08004bec       0x14 d:/program files (x86)/eclipse/system workbench for stm32/plugins/fr.ac6.mcu.externaltools.arm-none.win32_1.7.0.201602121829/tools/compiler/bin/../lib/gcc/arm-none-eabi/5.2.1/../../../../arm-none-eabi/lib/armv7e-m/fpu\libc_nano.a(lib_a-nano-msizer.o)
                0x08004bec                _malloc_usable_size_r
 .text._sbrk    0x08004c00       0x1c d:/program files (x86)/eclipse/system workbench for stm32/plugins/fr.ac6.mcu.externaltools.arm-none.win32_1.7.0.201602121829/tools/compiler/bin/../lib/gcc/arm-none-eabi/5.2.1/../../../../arm-none-eabi/lib/armv7e-m/fpu\libnosys.a(sbrk.o)
                0x08004c00                _sbrk
 *(.glue_7)
 .glue_7        0x08004c1c        0x0 linker stubs
 *(.glue_7t)
 .glue_7t       0x08004c1c        0x0 linker stubs
 *(.eh_frame)
 .eh_frame      0x08004c1c        0x0 d:/program files (x86)/eclipse/system workbench for stm32/plugins/fr.ac6.mcu.externaltools.arm-none.win32_1.7.0.201602121829/tools/compiler/bin/../lib/gcc/arm-none-eabi/5.2.1/armv7e-m/fpu/crtbegin.o
 *(.init)
 .init          0x08004c1c        0x4 d:/program files (x86)/eclipse/system workbench for stm32/plugins/fr.ac6.mcu.externaltools.arm-none.win32_1.7.0.201602121829/tools/compiler/bin/../lib/gcc/arm-none-eabi/5.2.1/armv7e-m/fpu/crti.o
                0x08004c1c                _init
 .init          0x08004c20        0x8 d:/program files (x86)/eclipse/system workbench for stm32/plugins/fr.ac6.mcu.externaltools.arm-none.win32_1.7.0.201602121829/tools/compiler/bin/../lib/gcc/arm-none-eabi/5.2.1/armv7e-m/fpu/crtn.o
 *(.fini)
 .fini          0x08004c28        0x4 d:/program files (x86)/eclipse/system workbench for stm32/plugins/fr.ac6.mcu.externaltools.arm-none.win32_1.7.0.201602121829/tools/compiler/bin/../lib/gcc/arm-none-eabi/5.2.1/armv7e-m/fpu/crti.o
                0x08004c28                _fini
 .fini          0x08004c2c        0x8 d:/program files (x86)/eclipse/system workbench for stm32/plugins/fr.ac6.mcu.externaltools.arm-none.win32_1.7.0.201602121829/tools/compiler/bin/../lib/gcc/arm-none-eabi/5.2.1/armv7e-m/fpu/crtn.o
                0x08004c38                . = ALIGN (0x8)
 *fill*         0x08004c34        0x4 
                0x08004c38                _etext = .

.vfp11_veneer   0x08004c38        0x0
 .vfp11_veneer  0x08004c38        0x0 linker stubs

.v4_bx          0x08004c38        0x0
 .v4_bx         0x08004c38        0x0 linker stubs

.iplt           0x08004c38        0x0
 .iplt          0x08004c38        0x0 d:/program files (x86)/eclipse/system workbench for stm32/plugins/fr.ac6.mcu.externaltools.arm-none.win32_1.7.0.201602121829/tools/compiler/bin/../lib/gcc/arm-none-eabi/5.2.1/armv7e-m/fpu/crtbegin.o

.rodata         0x08004c38      0x1c0
                0x08004c38                . = ALIGN (0x8)
 *(.rodata)
 .rodata        0x08004c38       0x1c Application/User/main.o
 .rodata        0x08004c54       0x48 Drivers/CMSIS/system_stm32l4xx.o
                0x08004c54                MSIRangeTable
                0x08004c84                AHBPrescTable
                0x08004c94                APBPrescTable
 .rodata        0x08004c9c       0x11 Drivers/STM32L4xx_HAL_Driver/stm32l4xx_hal_uart.o
 *(.rodata*)
 .rodata.str1.1
                0x08004cad        0x9 Application/User/main.o
 .rodata.str1.1
                0x08004cb6        0x5 Middlewares/FreeRTOS/tasks.o
 .rodata.str1.1
                0x08004cbb        0x2 d:/program files (x86)/eclipse/system workbench for stm32/plugins/fr.ac6.mcu.externaltools.arm-none.win32_1.7.0.201602121829/tools/compiler/bin/../lib/gcc/arm-none-eabi/5.2.1/../../../../arm-none-eabi/lib/armv7e-m/fpu\libc_nano.a(lib_a-impure.o)
 .rodata._ctype_
                0x08004cbd      0x101 d:/program files (x86)/eclipse/system workbench for stm32/plugins/fr.ac6.mcu.externaltools.arm-none.win32_1.7.0.201602121829/tools/compiler/bin/../lib/gcc/arm-none-eabi/5.2.1/../../../../arm-none-eabi/lib/armv7e-m/fpu\libc_nano.a(lib_a-ctype_.o)
                0x08004cbd                _ctype_
 .rodata.str1.1
                0x08004dbe       0x11 d:/program files (x86)/eclipse/system workbench for stm32/plugins/fr.ac6.mcu.externaltools.arm-none.win32_1.7.0.201602121829/tools/compiler/bin/../lib/gcc/arm-none-eabi/5.2.1/../../../../arm-none-eabi/lib/armv7e-m/fpu\libc_nano.a(lib_a-nano-svfprintf.o)
 .rodata.str1.1
                0x08004dcf       0x22 d:/program files (x86)/eclipse/system workbench for stm32/plugins/fr.ac6.mcu.externaltools.arm-none.win32_1.7.0.201602121829/tools/compiler/bin/../lib/gcc/arm-none-eabi/5.2.1/../../../../arm-none-eabi/lib/armv7e-m/fpu\libc_nano.a(lib_a-nano-vfprintf_i.o)
                0x08004df8                . = ALIGN (0x8)
 *fill*         0x08004df1        0x7 

.ARM.extab      0x08004df8        0x0
                0x08004df8                . = ALIGN (0x8)
 *(.ARM.extab* .gnu.linkonce.armextab.*)
                0x08004df8                . = ALIGN (0x8)

.ARM            0x08004df8        0x8
                0x08004df8                . = ALIGN (0x8)
                0x08004df8                __exidx_start = .
 *(.ARM.exidx*)
 .ARM.exidx     0x08004df8        0x8 d:/program files (x86)/eclipse/system workbench for stm32/plugins/fr.ac6.mcu.externaltools.arm-none.win32_1.7.0.201602121829/tools/compiler/bin/../lib/gcc/arm-none-eabi/5.2.1/armv7e-m/fpu\libgcc.a(_udivmoddi4.o)
                0x08004e00                __exidx_end = .
                0x08004e00                . = ALIGN (0x8)

.rel.dyn        0x08004e00        0x0
 .rel.iplt      0x08004e00        0x0 d:/program files (x86)/eclipse/system workbench for stm32/plugins/fr.ac6.mcu.externaltools.arm-none.win32_1.7.0.201602121829/tools/compiler/bin/../lib/gcc/arm-none-eabi/5.2.1/armv7e-m/fpu/crtbegin.o

.preinit_array  0x08004e00        0x0
                0x08004e00                . = ALIGN (0x8)
                0x08004e00                PROVIDE (__preinit_array_start, .)
 *(.preinit_array*)
                0x08004e00                PROVIDE (__preinit_array_end, .)
                0x08004e00                . = ALIGN (0x8)

.init_array     0x08004e00        0x8
                0x08004e00                . = ALIGN (0x8)
                0x08004e00                PROVIDE (__init_array_start, .)
 *(SORT(.init_array.*))
 *(.init_array*)
 .init_array    0x08004e00        0x4 d:/program files (x86)/eclipse/system workbench for stm32/plugins/fr.ac6.mcu.externaltools.arm-none.win32_1.7.0.201602121829/tools/compiler/bin/../lib/gcc/arm-none-eabi/5.2.1/armv7e-m/fpu/crtbegin.o
                0x08004e04                PROVIDE (__init_array_end, .)
                0x08004e08                . = ALIGN (0x8)
 *fill*         0x08004e04        0x4 

.fini_array     0x08004e08        0x8
                0x08004e08                . = ALIGN (0x8)
                [!provide]                PROVIDE (__fini_array_start, .)
 *(SORT(.fini_array.*))
 *(.fini_array*)
 .fini_array    0x08004e08        0x4 d:/program files (x86)/eclipse/system workbench for stm32/plugins/fr.ac6.mcu.externaltools.arm-none.win32_1.7.0.201602121829/tools/compiler/bin/../lib/gcc/arm-none-eabi/5.2.1/armv7e-m/fpu/crtbegin.o
                [!provide]                PROVIDE (__fini_array_end, .)
                0x08004e10                . = ALIGN (0x8)
 *fill*         0x08004e0c        0x4 
                0x08004e10                _sidata = LOADADDR (.data)

.data           0x20000000       0x70 load address 0x08004e10
                0x20000000                . = ALIGN (0x8)
                0x20000000                _sdata = .
 *(.data)
 .data          0x20000000        0x4 Drivers/CMSIS/system_stm32l4xx.o
                0x20000000                SystemCoreClock
 .data          0x20000004        0x4 Middlewares/FreeRTOS/port.o
 *(.data*)
 .data.impure_data
                0x20000008       0x60 d:/program files (x86)/eclipse/system workbench for stm32/plugins/fr.ac6.mcu.externaltools.arm-none.win32_1.7.0.201602121829/tools/compiler/bin/../lib/gcc/arm-none-eabi/5.2.1/../../../../arm-none-eabi/lib/armv7e-m/fpu\libc_nano.a(lib_a-impure.o)
 .data._impure_ptr
                0x20000068        0x4 d:/program files (x86)/eclipse/system workbench for stm32/plugins/fr.ac6.mcu.externaltools.arm-none.win32_1.7.0.201602121829/tools/compiler/bin/../lib/gcc/arm-none-eabi/5.2.1/../../../../arm-none-eabi/lib/armv7e-m/fpu\libc_nano.a(lib_a-impure.o)
                0x20000068                _impure_ptr
 .data.__ctype_ptr__
                0x2000006c        0x4 d:/program files (x86)/eclipse/system workbench for stm32/plugins/fr.ac6.mcu.externaltools.arm-none.win32_1.7.0.201602121829/tools/compiler/bin/../lib/gcc/arm-none-eabi/5.2.1/../../../../arm-none-eabi/lib/armv7e-m/fpu\libc_nano.a(lib_a-ctype_.o)
                0x2000006c                __ctype_ptr__
                0x20000070                . = ALIGN (0x8)
                0x20000070                _edata = .

.jcr            0x20000070        0x0 load address 0x08004e80
 .jcr           0x20000070        0x0 d:/program files (x86)/eclipse/system workbench for stm32/plugins/fr.ac6.mcu.externaltools.arm-none.win32_1.7.0.201602121829/tools/compiler/bin/../lib/gcc/arm-none-eabi/5.2.1/armv7e-m/fpu/crtbegin.o

.tm_clone_table
                0x20000070        0x0 load address 0x08004e80
 .tm_clone_table
                0x20000070        0x0 d:/program files (x86)/eclipse/system workbench for stm32/plugins/fr.ac6.mcu.externaltools.arm-none.win32_1.7.0.201602121829/tools/compiler/bin/../lib/gcc/arm-none-eabi/5.2.1/armv7e-m/fpu/crtbegin.o
 .tm_clone_table
                0x20000070        0x0 d:/program files (x86)/eclipse/system workbench for stm32/plugins/fr.ac6.mcu.externaltools.arm-none.win32_1.7.0.201602121829/tools/compiler/bin/../lib/gcc/arm-none-eabi/5.2.1/armv7e-m/fpu/crtend.o

.igot.plt       0x20000070        0x0 load address 0x08004e80
 .igot.plt      0x20000070        0x0 d:/program files (x86)/eclipse/system workbench for stm32/plugins/fr.ac6.mcu.externaltools.arm-none.win32_1.7.0.201602121829/tools/compiler/bin/../lib/gcc/arm-none-eabi/5.2.1/armv7e-m/fpu/crtbegin.o
                0x20000070                . = ALIGN (0x4)

.bss            0x20000070      0xe74 load address 0x08004e80
                0x20000070                _sbss = .
                0x20000070                __bss_start__ = _sbss
 *(.bss)
 .bss           0x20000070       0x1c d:/program files (x86)/eclipse/system workbench for stm32/plugins/fr.ac6.mcu.externaltools.arm-none.win32_1.7.0.201602121829/tools/compiler/bin/../lib/gcc/arm-none-eabi/5.2.1/armv7e-m/fpu/crtbegin.o
 .bss           0x2000008c      0xbd0 Middlewares/FreeRTOS/heap_4.o
 .bss           0x20000c5c        0x8 Middlewares/FreeRTOS/port.o
 .bss           0x20000c64      0x128 Middlewares/FreeRTOS/tasks.o
                0x20000c6c                pxCurrentTCB
 *(.bss*)
 .bss.__malloc_sbrk_start
                0x20000d8c        0x4 d:/program files (x86)/eclipse/system workbench for stm32/plugins/fr.ac6.mcu.externaltools.arm-none.win32_1.7.0.201602121829/tools/compiler/bin/../lib/gcc/arm-none-eabi/5.2.1/../../../../arm-none-eabi/lib/armv7e-m/fpu\libc_nano.a(lib_a-nano-mallocr.o)
                0x20000d8c                __malloc_sbrk_start
 .bss.__malloc_free_list
                0x20000d90        0x4 d:/program files (x86)/eclipse/system workbench for stm32/plugins/fr.ac6.mcu.externaltools.arm-none.win32_1.7.0.201602121829/tools/compiler/bin/../lib/gcc/arm-none-eabi/5.2.1/../../../../arm-none-eabi/lib/armv7e-m/fpu\libc_nano.a(lib_a-nano-mallocr.o)
                0x20000d90                __malloc_free_list
 .bss.heap_end.4169
                0x20000d94        0x4 d:/program files (x86)/eclipse/system workbench for stm32/plugins/fr.ac6.mcu.externaltools.arm-none.win32_1.7.0.201602121829/tools/compiler/bin/../lib/gcc/arm-none-eabi/5.2.1/../../../../arm-none-eabi/lib/armv7e-m/fpu\libnosys.a(sbrk.o)
 *(COMMON)
 COMMON         0x20000d98      0x108 Application/User/main.o
                0x20000d98                hi2c3
                0x20000de4                charToSend
                0x20000de8                TUARTHandle
                0x20000dec                htim3
                0x20000e28                UART_Received
                0x20000e2c                QueueUARTHandle
                0x20000e30                huart2
 COMMON         0x20000ea0       0x3c Application/User/stm32l4xx_hal_timebase_TIM.o
                0x20000ea0                htim1
 COMMON         0x20000edc        0x4 Drivers/STM32L4xx_HAL_Driver/stm32l4xx_hal.o
                0x20000edc                uwTick
 COMMON         0x20000ee0        0x4 d:/program files (x86)/eclipse/system workbench for stm32/plugins/fr.ac6.mcu.externaltools.arm-none.win32_1.7.0.201602121829/tools/compiler/bin/../lib/gcc/arm-none-eabi/5.2.1/../../../../arm-none-eabi/lib/armv7e-m/fpu\libc_nano.a(lib_a-reent.o)
                0x20000ee0                errno
                0x20000ee4                . = ALIGN (0x4)
                0x20000ee4                _ebss = .
                0x20000ee4                __bss_end__ = _ebss

._user_heap_stack
                0x20000ee4      0x604 load address 0x08004e80
                0x20000ee8                . = ALIGN (0x8)
 *fill*         0x20000ee4        0x4 
                0x20000ee8                PROVIDE (end, .)
                [!provide]                PROVIDE (_end, .)
                0x200010e8                . = (. + _Min_Heap_Size)
 *fill*         0x20000ee8      0x200 
                0x200014e8                . = (. + _Min_Stack_Size)
 *fill*         0x200010e8      0x400 
                0x200014e8                . = ALIGN (0x8)

/DISCARD/
 libc.a(*)
 libm.a(*)
 libgcc.a(*)

.ARM.attributes
                0x00000000       0x30
 *(.ARM.attributes)
 .ARM.attributes
                0x00000000       0x22 d:/program files (x86)/eclipse/system workbench for stm32/plugins/fr.ac6.mcu.externaltools.arm-none.win32_1.7.0.201602121829/tools/compiler/bin/../lib/gcc/arm-none-eabi/5.2.1/armv7e-m/fpu/crti.o
 .ARM.attributes
                0x00000022       0x34 d:/program files (x86)/eclipse/system workbench for stm32/plugins/fr.ac6.mcu.externaltools.arm-none.win32_1.7.0.201602121829/tools/compiler/bin/../lib/gcc/arm-none-eabi/5.2.1/armv7e-m/fpu/crtbegin.o
 .ARM.attributes
                0x00000056       0x21 Application/SW4STM32/startup_stm32l476xx.o
 .ARM.attributes
                0x00000077       0x39 Application/User/main.o
 .ARM.attributes
                0x000000b0       0x39 Application/User/stm32l4xx_hal_msp.o
 .ARM.attributes
                0x000000e9       0x39 Application/User/stm32l4xx_hal_timebase_TIM.o
 .ARM.attributes
                0x00000122       0x39 Application/User/stm32l4xx_it.o
 .ARM.attributes
                0x0000015b       0x39 Drivers/CMSIS/system_stm32l4xx.o
 .ARM.attributes
                0x00000194       0x39 Drivers/STM32L4xx_HAL_Driver/stm32l4xx_hal.o
 .ARM.attributes
                0x000001cd       0x39 Drivers/STM32L4xx_HAL_Driver/stm32l4xx_hal_cortex.o
 .ARM.attributes
                0x00000206       0x39 Drivers/STM32L4xx_HAL_Driver/stm32l4xx_hal_dma.o
 .ARM.attributes
                0x0000023f       0x39 Drivers/STM32L4xx_HAL_Driver/stm32l4xx_hal_gpio.o
 .ARM.attributes
                0x00000278       0x39 Drivers/STM32L4xx_HAL_Driver/stm32l4xx_hal_i2c.o
 .ARM.attributes
                0x000002b1       0x39 Drivers/STM32L4xx_HAL_Driver/stm32l4xx_hal_i2c_ex.o
 .ARM.attributes
                0x000002ea       0x39 Drivers/STM32L4xx_HAL_Driver/stm32l4xx_hal_pwr_ex.o
 .ARM.attributes
                0x00000323       0x39 Drivers/STM32L4xx_HAL_Driver/stm32l4xx_hal_rcc.o
 .ARM.attributes
                0x0000035c       0x39 Drivers/STM32L4xx_HAL_Driver/stm32l4xx_hal_rcc_ex.o
 .ARM.attributes
                0x00000395       0x39 Drivers/STM32L4xx_HAL_Driver/stm32l4xx_hal_tim.o
 .ARM.attributes
                0x000003ce       0x39 Drivers/STM32L4xx_HAL_Driver/stm32l4xx_hal_tim_ex.o
 .ARM.attributes
                0x00000407       0x39 Drivers/STM32L4xx_HAL_Driver/stm32l4xx_hal_uart.o
 .ARM.attributes
                0x00000440       0x39 Drivers/STM32L4xx_HAL_Driver/stm32l4xx_hal_uart_ex.o
 .ARM.attributes
                0x00000479       0x39 Middlewares/FreeRTOS/cmsis_os.o
 .ARM.attributes
                0x000004b2       0x39 Middlewares/FreeRTOS/heap_4.o
 .ARM.attributes
                0x000004eb       0x39 Middlewares/FreeRTOS/list.o
 .ARM.attributes
                0x00000524       0x39 Middlewares/FreeRTOS/port.o
 .ARM.attributes
                0x0000055d       0x39 Middlewares/FreeRTOS/queue.o
 .ARM.attributes
                0x00000596       0x39 Middlewares/FreeRTOS/tasks.o
 .ARM.attributes
                0x000005cf       0x22 d:/program files (x86)/eclipse/system workbench for stm32/plugins/fr.ac6.mcu.externaltools.arm-none.win32_1.7.0.201602121829/tools/compiler/bin/../lib/gcc/arm-none-eabi/5.2.1/armv7e-m/fpu\libgcc.a(_aeabi_uldivmod.o)
 .ARM.attributes
                0x000005f1       0x34 d:/program files (x86)/eclipse/system workbench for stm32/plugins/fr.ac6.mcu.externaltools.arm-none.win32_1.7.0.201602121829/tools/compiler/bin/../lib/gcc/arm-none-eabi/5.2.1/armv7e-m/fpu\libgcc.a(_udivmoddi4.o)
 .ARM.attributes
                0x00000625       0x22 d:/program files (x86)/eclipse/system workbench for stm32/plugins/fr.ac6.mcu.externaltools.arm-none.win32_1.7.0.201602121829/tools/compiler/bin/../lib/gcc/arm-none-eabi/5.2.1/armv7e-m/fpu\libgcc.a(_dvmd_tls.o)
 .ARM.attributes
                0x00000647       0x34 d:/program files (x86)/eclipse/system workbench for stm32/plugins/fr.ac6.mcu.externaltools.arm-none.win32_1.7.0.201602121829/tools/compiler/bin/../lib/gcc/arm-none-eabi/5.2.1/../../../../arm-none-eabi/lib/armv7e-m/fpu\libc_nano.a(lib_a-atoi.o)
 .ARM.attributes
                0x0000067b       0x34 d:/program files (x86)/eclipse/system workbench for stm32/plugins/fr.ac6.mcu.externaltools.arm-none.win32_1.7.0.201602121829/tools/compiler/bin/../lib/gcc/arm-none-eabi/5.2.1/../../../../arm-none-eabi/lib/armv7e-m/fpu\libc_nano.a(lib_a-impure.o)
 .ARM.attributes
                0x000006af       0x34 d:/program files (x86)/eclipse/system workbench for stm32/plugins/fr.ac6.mcu.externaltools.arm-none.win32_1.7.0.201602121829/tools/compiler/bin/../lib/gcc/arm-none-eabi/5.2.1/../../../../arm-none-eabi/lib/armv7e-m/fpu\libc_nano.a(lib_a-init.o)
 .ARM.attributes
                0x000006e3       0x34 d:/program files (x86)/eclipse/system workbench for stm32/plugins/fr.ac6.mcu.externaltools.arm-none.win32_1.7.0.201602121829/tools/compiler/bin/../lib/gcc/arm-none-eabi/5.2.1/../../../../arm-none-eabi/lib/armv7e-m/fpu\libc_nano.a(lib_a-memcpy-stub.o)
 .ARM.attributes
                0x00000717       0x34 d:/program files (x86)/eclipse/system workbench for stm32/plugins/fr.ac6.mcu.externaltools.arm-none.win32_1.7.0.201602121829/tools/compiler/bin/../lib/gcc/arm-none-eabi/5.2.1/../../../../arm-none-eabi/lib/armv7e-m/fpu\libc_nano.a(lib_a-memset.o)
 .ARM.attributes
                0x0000074b       0x34 d:/program files (x86)/eclipse/system workbench for stm32/plugins/fr.ac6.mcu.externaltools.arm-none.win32_1.7.0.201602121829/tools/compiler/bin/../lib/gcc/arm-none-eabi/5.2.1/../../../../arm-none-eabi/lib/armv7e-m/fpu\libc_nano.a(lib_a-sprintf.o)
 .ARM.attributes
                0x0000077f       0x34 d:/program files (x86)/eclipse/system workbench for stm32/plugins/fr.ac6.mcu.externaltools.arm-none.win32_1.7.0.201602121829/tools/compiler/bin/../lib/gcc/arm-none-eabi/5.2.1/../../../../arm-none-eabi/lib/armv7e-m/fpu\libc_nano.a(lib_a-strtol.o)
 .ARM.attributes
                0x000007b3       0x34 d:/program files (x86)/eclipse/system workbench for stm32/plugins/fr.ac6.mcu.externaltools.arm-none.win32_1.7.0.201602121829/tools/compiler/bin/../lib/gcc/arm-none-eabi/5.2.1/../../../../arm-none-eabi/lib/armv7e-m/fpu\libc_nano.a(lib_a-ctype_.o)
 .ARM.attributes
                0x000007e7       0x34 d:/program files (x86)/eclipse/system workbench for stm32/plugins/fr.ac6.mcu.externaltools.arm-none.win32_1.7.0.201602121829/tools/compiler/bin/../lib/gcc/arm-none-eabi/5.2.1/../../../../arm-none-eabi/lib/armv7e-m/fpu\libc_nano.a(lib_a-nano-svfprintf.o)
 .ARM.attributes
                0x0000081b       0x34 d:/program files (x86)/eclipse/system workbench for stm32/plugins/fr.ac6.mcu.externaltools.arm-none.win32_1.7.0.201602121829/tools/compiler/bin/../lib/gcc/arm-none-eabi/5.2.1/../../../../arm-none-eabi/lib/armv7e-m/fpu\libc_nano.a(lib_a-nano-vfprintf_i.o)
 .ARM.attributes
                0x0000084f       0x20 d:/program files (x86)/eclipse/system workbench for stm32/plugins/fr.ac6.mcu.externaltools.arm-none.win32_1.7.0.201602121829/tools/compiler/bin/../lib/gcc/arm-none-eabi/5.2.1/../../../../arm-none-eabi/lib/armv7e-m/fpu\libc_nano.a(lib_a-memchr.o)
 .ARM.attributes
                0x0000086f       0x34 d:/program files (x86)/eclipse/system workbench for stm32/plugins/fr.ac6.mcu.externaltools.arm-none.win32_1.7.0.201602121829/tools/compiler/bin/../lib/gcc/arm-none-eabi/5.2.1/../../../../arm-none-eabi/lib/armv7e-m/fpu\libc_nano.a(lib_a-memmove.o)
 .ARM.attributes
                0x000008a3       0x34 d:/program files (x86)/eclipse/system workbench for stm32/plugins/fr.ac6.mcu.externaltools.arm-none.win32_1.7.0.201602121829/tools/compiler/bin/../lib/gcc/arm-none-eabi/5.2.1/../../../../arm-none-eabi/lib/armv7e-m/fpu\libc_nano.a(lib_a-nano-freer.o)
 .ARM.attributes
                0x000008d7       0x34 d:/program files (x86)/eclipse/system workbench for stm32/plugins/fr.ac6.mcu.externaltools.arm-none.win32_1.7.0.201602121829/tools/compiler/bin/../lib/gcc/arm-none-eabi/5.2.1/../../../../arm-none-eabi/lib/armv7e-m/fpu\libc_nano.a(lib_a-nano-mallocr.o)
 .ARM.attributes
                0x0000090b       0x34 d:/program files (x86)/eclipse/system workbench for stm32/plugins/fr.ac6.mcu.externaltools.arm-none.win32_1.7.0.201602121829/tools/compiler/bin/../lib/gcc/arm-none-eabi/5.2.1/../../../../arm-none-eabi/lib/armv7e-m/fpu\libc_nano.a(lib_a-nano-reallocr.o)
 .ARM.attributes
                0x0000093f       0x34 d:/program files (x86)/eclipse/system workbench for stm32/plugins/fr.ac6.mcu.externaltools.arm-none.win32_1.7.0.201602121829/tools/compiler/bin/../lib/gcc/arm-none-eabi/5.2.1/../../../../arm-none-eabi/lib/armv7e-m/fpu\libc_nano.a(lib_a-sbrkr.o)
 .ARM.attributes
                0x00000973       0x34 d:/program files (x86)/eclipse/system workbench for stm32/plugins/fr.ac6.mcu.externaltools.arm-none.win32_1.7.0.201602121829/tools/compiler/bin/../lib/gcc/arm-none-eabi/5.2.1/../../../../arm-none-eabi/lib/armv7e-m/fpu\libc_nano.a(lib_a-nano-msizer.o)
 .ARM.attributes
                0x000009a7       0x34 d:/program files (x86)/eclipse/system workbench for stm32/plugins/fr.ac6.mcu.externaltools.arm-none.win32_1.7.0.201602121829/tools/compiler/bin/../lib/gcc/arm-none-eabi/5.2.1/../../../../arm-none-eabi/lib/armv7e-m/fpu\libc_nano.a(lib_a-reent.o)
 .ARM.attributes
                0x000009db       0x34 d:/program files (x86)/eclipse/system workbench for stm32/plugins/fr.ac6.mcu.externaltools.arm-none.win32_1.7.0.201602121829/tools/compiler/bin/../lib/gcc/arm-none-eabi/5.2.1/../../../../arm-none-eabi/lib/armv7e-m/fpu\libnosys.a(sbrk.o)
 .ARM.attributes
                0x00000a0f       0x34 d:/program files (x86)/eclipse/system workbench for stm32/plugins/fr.ac6.mcu.externaltools.arm-none.win32_1.7.0.201602121829/tools/compiler/bin/../lib/gcc/arm-none-eabi/5.2.1/armv7e-m/fpu/crtend.o
 .ARM.attributes
                0x00000a43       0x22 d:/program files (x86)/eclipse/system workbench for stm32/plugins/fr.ac6.mcu.externaltools.arm-none.win32_1.7.0.201602121829/tools/compiler/bin/../lib/gcc/arm-none-eabi/5.2.1/armv7e-m/fpu/crtn.o
OUTPUT(Cam_servo_tilt.elf elf32-littlearm)

.debug_line     0x00000000    0x12b8f
 .debug_line    0x00000000       0xeb Application/SW4STM32/startup_stm32l476xx.o
 .debug_line    0x000000eb      0xc80 Application/User/main.o
 .debug_line    0x00000d6b      0x99e Application/User/stm32l4xx_hal_msp.o
 .debug_line    0x00001709      0x91c Application/User/stm32l4xx_hal_timebase_TIM.o
 .debug_line    0x00002025      0xb47 Application/User/stm32l4xx_it.o
 .debug_line    0x00002b6c      0x93d Drivers/CMSIS/system_stm32l4xx.o
 .debug_line    0x000034a9      0xae8 Drivers/STM32L4xx_HAL_Driver/stm32l4xx_hal.o
 .debug_line    0x00003f91      0xad9 Drivers/STM32L4xx_HAL_Driver/stm32l4xx_hal_cortex.o
 .debug_line    0x00004a6a      0xb87 Drivers/STM32L4xx_HAL_Driver/stm32l4xx_hal_dma.o
 .debug_line    0x000055f1      0xa96 Drivers/STM32L4xx_HAL_Driver/stm32l4xx_hal_gpio.o
 .debug_line    0x00006087     0x1bb2 Drivers/STM32L4xx_HAL_Driver/stm32l4xx_hal_i2c.o
 .debug_line    0x00007c39      0xa1a Drivers/STM32L4xx_HAL_Driver/stm32l4xx_hal_i2c_ex.o
 .debug_line    0x00008653      0xc43 Drivers/STM32L4xx_HAL_Driver/stm32l4xx_hal_pwr_ex.o
 .debug_line    0x00009296      0xcc8 Drivers/STM32L4xx_HAL_Driver/stm32l4xx_hal_rcc.o
 .debug_line    0x00009f5e      0xf09 Drivers/STM32L4xx_HAL_Driver/stm32l4xx_hal_rcc_ex.o
 .debug_line    0x0000ae67     0x18e5 Drivers/STM32L4xx_HAL_Driver/stm32l4xx_hal_tim.o
 .debug_line    0x0000c74c      0xd7c Drivers/STM32L4xx_HAL_Driver/stm32l4xx_hal_tim_ex.o
 .debug_line    0x0000d4c8     0x12d8 Drivers/STM32L4xx_HAL_Driver/stm32l4xx_hal_uart.o
 .debug_line    0x0000e7a0      0x9ef Drivers/STM32L4xx_HAL_Driver/stm32l4xx_hal_uart_ex.o
 .debug_line    0x0000f18f      0xbfa Middlewares/FreeRTOS/cmsis_os.o
 .debug_line    0x0000fd89      0x725 Middlewares/FreeRTOS/heap_4.o
 .debug_line    0x000104ae      0x666 Middlewares/FreeRTOS/list.o
 .debug_line    0x00010b14      0x673 Middlewares/FreeRTOS/port.o
 .debug_line    0x00011187      0xaf6 Middlewares/FreeRTOS/queue.o
 .debug_line    0x00011c7d      0xf12 Middlewares/FreeRTOS/tasks.o

.debug_info     0x00000000    0x1ac6c
 .debug_info    0x00000000      0x110 Application/SW4STM32/startup_stm32l476xx.o
 .debug_info    0x00000110     0x2024 Application/User/main.o
 .debug_info    0x00002134     0x148d Application/User/stm32l4xx_hal_msp.o
 .debug_info    0x000035c1      0xbbf Application/User/stm32l4xx_hal_timebase_TIM.o
 .debug_info    0x00004180      0x999 Application/User/stm32l4xx_it.o
 .debug_info    0x00004b19      0x593 Drivers/CMSIS/system_stm32l4xx.o
 .debug_info    0x000050ac      0xb33 Drivers/STM32L4xx_HAL_Driver/stm32l4xx_hal.o
 .debug_info    0x00005bdf      0xe74 Drivers/STM32L4xx_HAL_Driver/stm32l4xx_hal_cortex.o
 .debug_info    0x00006a53      0x7cf Drivers/STM32L4xx_HAL_Driver/stm32l4xx_hal_dma.o
 .debug_info    0x00007222      0x7ef Drivers/STM32L4xx_HAL_Driver/stm32l4xx_hal_gpio.o
 .debug_info    0x00007a11     0x2f3b Drivers/STM32L4xx_HAL_Driver/stm32l4xx_hal_i2c.o
 .debug_info    0x0000a94c      0x9c4 Drivers/STM32L4xx_HAL_Driver/stm32l4xx_hal_i2c_ex.o
 .debug_info    0x0000b310      0x9f1 Drivers/STM32L4xx_HAL_Driver/stm32l4xx_hal_pwr_ex.o
 .debug_info    0x0000bd01     0x10df Drivers/STM32L4xx_HAL_Driver/stm32l4xx_hal_rcc.o
 .debug_info    0x0000cde0     0x166b Drivers/STM32L4xx_HAL_Driver/stm32l4xx_hal_rcc_ex.o
 .debug_info    0x0000e44b     0x2efc Drivers/STM32L4xx_HAL_Driver/stm32l4xx_hal_tim.o
 .debug_info    0x00011347     0x1145 Drivers/STM32L4xx_HAL_Driver/stm32l4xx_hal_tim_ex.o
 .debug_info    0x0001248c     0x19cf Drivers/STM32L4xx_HAL_Driver/stm32l4xx_hal_uart.o
 .debug_info    0x00013e5b      0x935 Drivers/STM32L4xx_HAL_Driver/stm32l4xx_hal_uart_ex.o
 .debug_info    0x00014790     0x1ae3 Middlewares/FreeRTOS/cmsis_os.o
 .debug_info    0x00016273      0x486 Middlewares/FreeRTOS/heap_4.o
 .debug_info    0x000166f9      0x2a1 Middlewares/FreeRTOS/list.o
 .debug_info    0x0001699a      0x557 Middlewares/FreeRTOS/port.o
 .debug_info    0x00016ef1     0x1674 Middlewares/FreeRTOS/queue.o
 .debug_info    0x00018565     0x2707 Middlewares/FreeRTOS/tasks.o

.debug_abbrev   0x00000000     0x38fd
 .debug_abbrev  0x00000000       0x12 Application/SW4STM32/startup_stm32l476xx.o
 .debug_abbrev  0x00000012      0x34a Application/User/main.o
 .debug_abbrev  0x0000035c      0x1d8 Application/User/stm32l4xx_hal_msp.o
 .debug_abbrev  0x00000534      0x1d2 Application/User/stm32l4xx_hal_timebase_TIM.o
 .debug_abbrev  0x00000706      0x172 Application/User/stm32l4xx_it.o
 .debug_abbrev  0x00000878      0x125 Drivers/CMSIS/system_stm32l4xx.o
 .debug_abbrev  0x0000099d      0x1fb Drivers/STM32L4xx_HAL_Driver/stm32l4xx_hal.o
 .debug_abbrev  0x00000b98      0x316 Drivers/STM32L4xx_HAL_Driver/stm32l4xx_hal_cortex.o
 .debug_abbrev  0x00000eae      0x206 Drivers/STM32L4xx_HAL_Driver/stm32l4xx_hal_dma.o
 .debug_abbrev  0x000010b4      0x1cb Drivers/STM32L4xx_HAL_Driver/stm32l4xx_hal_gpio.o
 .debug_abbrev  0x0000127f      0x31a Drivers/STM32L4xx_HAL_Driver/stm32l4xx_hal_i2c.o
 .debug_abbrev  0x00001599      0x183 Drivers/STM32L4xx_HAL_Driver/stm32l4xx_hal_i2c_ex.o
 .debug_abbrev  0x0000171c      0x25f Drivers/STM32L4xx_HAL_Driver/stm32l4xx_hal_pwr_ex.o
 .debug_abbrev  0x0000197b      0x2cd Drivers/STM32L4xx_HAL_Driver/stm32l4xx_hal_rcc.o
 .debug_abbrev  0x00001c48      0x2cd Drivers/STM32L4xx_HAL_Driver/stm32l4xx_hal_rcc_ex.o
 .debug_abbrev  0x00001f15      0x313 Drivers/STM32L4xx_HAL_Driver/stm32l4xx_hal_tim.o
 .debug_abbrev  0x00002228      0x273 Drivers/STM32L4xx_HAL_Driver/stm32l4xx_hal_tim_ex.o
 .debug_abbrev  0x0000249b      0x336 Drivers/STM32L4xx_HAL_Driver/stm32l4xx_hal_uart.o
 .debug_abbrev  0x000027d1      0x219 Drivers/STM32L4xx_HAL_Driver/stm32l4xx_hal_uart_ex.o
 .debug_abbrev  0x000029ea      0x385 Middlewares/FreeRTOS/cmsis_os.o
 .debug_abbrev  0x00002d6f      0x231 Middlewares/FreeRTOS/heap_4.o
 .debug_abbrev  0x00002fa0       0xdd Middlewares/FreeRTOS/list.o
 .debug_abbrev  0x0000307d      0x21c Middlewares/FreeRTOS/port.o
 .debug_abbrev  0x00003299      0x2d1 Middlewares/FreeRTOS/queue.o
 .debug_abbrev  0x0000356a      0x393 Middlewares/FreeRTOS/tasks.o

.debug_aranges  0x00000000     0x1290
 .debug_aranges
                0x00000000       0x28 Application/SW4STM32/startup_stm32l476xx.o
 .debug_aranges
                0x00000028       0x50 Application/User/main.o
 .debug_aranges
                0x00000078       0x58 Application/User/stm32l4xx_hal_msp.o
 .debug_aranges
                0x000000d0       0x30 Application/User/stm32l4xx_hal_timebase_TIM.o
 .debug_aranges
                0x00000100       0x38 Application/User/stm32l4xx_it.o
 .debug_aranges
                0x00000138       0x28 Drivers/CMSIS/system_stm32l4xx.o
 .debug_aranges
                0x00000160       0xf8 Drivers/STM32L4xx_HAL_Driver/stm32l4xx_hal.o
 .debug_aranges
                0x00000258       0x98 Drivers/STM32L4xx_HAL_Driver/stm32l4xx_hal_cortex.o
 .debug_aranges
                0x000002f0       0x78 Drivers/STM32L4xx_HAL_Driver/stm32l4xx_hal_dma.o
 .debug_aranges
                0x00000368       0x58 Drivers/STM32L4xx_HAL_Driver/stm32l4xx_hal_gpio.o
 .debug_aranges
                0x000003c0      0x200 Drivers/STM32L4xx_HAL_Driver/stm32l4xx_hal_i2c.o
 .debug_aranges
                0x000005c0       0x48 Drivers/STM32L4xx_HAL_Driver/stm32l4xx_hal_i2c_ex.o
 .debug_aranges
                0x00000608      0x130 Drivers/STM32L4xx_HAL_Driver/stm32l4xx_hal_pwr_ex.o
 .debug_aranges
                0x00000738       0x88 Drivers/STM32L4xx_HAL_Driver/stm32l4xx_hal_rcc.o
 .debug_aranges
                0x000007c0       0xb8 Drivers/STM32L4xx_HAL_Driver/stm32l4xx_hal_rcc_ex.o
 .debug_aranges
                0x00000878      0x268 Drivers/STM32L4xx_HAL_Driver/stm32l4xx_hal_tim.o
 .debug_aranges
                0x00000ae0      0x100 Drivers/STM32L4xx_HAL_Driver/stm32l4xx_hal_tim_ex.o
 .debug_aranges
                0x00000be0      0x188 Drivers/STM32L4xx_HAL_Driver/stm32l4xx_hal_uart.o
 .debug_aranges
                0x00000d68       0x48 Drivers/STM32L4xx_HAL_Driver/stm32l4xx_hal_uart_ex.o
 .debug_aranges
                0x00000db0      0x178 Middlewares/FreeRTOS/cmsis_os.o
 .debug_aranges
                0x00000f28       0x48 Middlewares/FreeRTOS/heap_4.o
 .debug_aranges
                0x00000f70       0x40 Middlewares/FreeRTOS/list.o
 .debug_aranges
                0x00000fb0       0x80 Middlewares/FreeRTOS/port.o
 .debug_aranges
                0x00001030       0xd0 Middlewares/FreeRTOS/queue.o
 .debug_aranges
                0x00001100      0x190 Middlewares/FreeRTOS/tasks.o

.debug_ranges   0x00000000     0x15f8
 .debug_ranges  0x00000000       0x20 Application/SW4STM32/startup_stm32l476xx.o
 .debug_ranges  0x00000020       0x70 Application/User/main.o
 .debug_ranges  0x00000090       0x98 Application/User/stm32l4xx_hal_msp.o
 .debug_ranges  0x00000128       0x40 Application/User/stm32l4xx_hal_timebase_TIM.o
 .debug_ranges  0x00000168       0x28 Application/User/stm32l4xx_it.o
 .debug_ranges  0x00000190       0x18 Drivers/CMSIS/system_stm32l4xx.o
 .debug_ranges  0x000001a8       0xe8 Drivers/STM32L4xx_HAL_Driver/stm32l4xx_hal.o
 .debug_ranges  0x00000290      0x148 Drivers/STM32L4xx_HAL_Driver/stm32l4xx_hal_cortex.o
 .debug_ranges  0x000003d8       0xa0 Drivers/STM32L4xx_HAL_Driver/stm32l4xx_hal_dma.o
 .debug_ranges  0x00000478       0x68 Drivers/STM32L4xx_HAL_Driver/stm32l4xx_hal_gpio.o
 .debug_ranges  0x000004e0      0x238 Drivers/STM32L4xx_HAL_Driver/stm32l4xx_hal_i2c.o
 .debug_ranges  0x00000718       0x68 Drivers/STM32L4xx_HAL_Driver/stm32l4xx_hal_i2c_ex.o
 .debug_ranges  0x00000780      0x120 Drivers/STM32L4xx_HAL_Driver/stm32l4xx_hal_pwr_ex.o
 .debug_ranges  0x000008a0       0xc0 Drivers/STM32L4xx_HAL_Driver/stm32l4xx_hal_rcc.o
 .debug_ranges  0x00000960      0x1b0 Drivers/STM32L4xx_HAL_Driver/stm32l4xx_hal_rcc_ex.o
 .debug_ranges  0x00000b10      0x318 Drivers/STM32L4xx_HAL_Driver/stm32l4xx_hal_tim.o
 .debug_ranges  0x00000e28       0xf0 Drivers/STM32L4xx_HAL_Driver/stm32l4xx_hal_tim_ex.o
 .debug_ranges  0x00000f18      0x178 Drivers/STM32L4xx_HAL_Driver/stm32l4xx_hal_uart.o
 .debug_ranges  0x00001090       0x38 Drivers/STM32L4xx_HAL_Driver/stm32l4xx_hal_uart_ex.o
 .debug_ranges  0x000010c8      0x180 Middlewares/FreeRTOS/cmsis_os.o
 .debug_ranges  0x00001248       0x38 Middlewares/FreeRTOS/heap_4.o
 .debug_ranges  0x00001280       0x30 Middlewares/FreeRTOS/list.o
 .debug_ranges  0x000012b0       0x70 Middlewares/FreeRTOS/port.o
 .debug_ranges  0x00001320       0xc0 Middlewares/FreeRTOS/queue.o
 .debug_ranges  0x000013e0      0x218 Middlewares/FreeRTOS/tasks.o

.debug_loc      0x00000000     0xf3a2
 .debug_loc     0x00000000      0x16b Application/User/main.o
 .debug_loc     0x0000016b       0xbb Application/User/stm32l4xx_hal_msp.o
 .debug_loc     0x00000226       0x94 Application/User/stm32l4xx_hal_timebase_TIM.o
 .debug_loc     0x000002ba      0x177 Drivers/CMSIS/system_stm32l4xx.o
 .debug_loc     0x00000431       0xeb Drivers/STM32L4xx_HAL_Driver/stm32l4xx_hal.o
 .debug_loc     0x0000051c      0x4ab Drivers/STM32L4xx_HAL_Driver/stm32l4xx_hal_cortex.o
 .debug_loc     0x000009c7      0x60b Drivers/STM32L4xx_HAL_Driver/stm32l4xx_hal_dma.o
 .debug_loc     0x00000fd2      0x2a2 Drivers/STM32L4xx_HAL_Driver/stm32l4xx_hal_gpio.o
 .debug_loc     0x00001274     0x33a8 Drivers/STM32L4xx_HAL_Driver/stm32l4xx_hal_i2c.o
 .debug_loc     0x0000461c      0x1b8 Drivers/STM32L4xx_HAL_Driver/stm32l4xx_hal_i2c_ex.o
 .debug_loc     0x000047d4      0x5d4 Drivers/STM32L4xx_HAL_Driver/stm32l4xx_hal_pwr_ex.o
 .debug_loc     0x00004da8      0x685 Drivers/STM32L4xx_HAL_Driver/stm32l4xx_hal_rcc.o
 .debug_loc     0x0000542d     0x11b3 Drivers/STM32L4xx_HAL_Driver/stm32l4xx_hal_rcc_ex.o
 .debug_loc     0x000065e0     0x3155 Drivers/STM32L4xx_HAL_Driver/stm32l4xx_hal_tim.o
 .debug_loc     0x00009735      0xbd5 Drivers/STM32L4xx_HAL_Driver/stm32l4xx_hal_tim_ex.o
 .debug_loc     0x0000a30a     0x1714 Drivers/STM32L4xx_HAL_Driver/stm32l4xx_hal_uart.o
 .debug_loc     0x0000ba1e      0x2d6 Drivers/STM32L4xx_HAL_Driver/stm32l4xx_hal_uart_ex.o
 .debug_loc     0x0000bcf4      0xf73 Middlewares/FreeRTOS/cmsis_os.o
 .debug_loc     0x0000cc67      0x389 Middlewares/FreeRTOS/heap_4.o
 .debug_loc     0x0000cff0       0x94 Middlewares/FreeRTOS/list.o
 .debug_loc     0x0000d084       0xae Middlewares/FreeRTOS/port.o
 .debug_loc     0x0000d132      0xa46 Middlewares/FreeRTOS/queue.o
 .debug_loc     0x0000db78     0x182a Middlewares/FreeRTOS/tasks.o

.debug_macro    0x00000000    0x27bc2
 .debug_macro   0x00000000      0x3c2 Application/User/main.o
 .debug_macro   0x000003c2       0xac Application/User/main.o
 .debug_macro   0x0000046e       0x2e Application/User/main.o
 .debug_macro   0x0000049c       0x28 Application/User/main.o
 .debug_macro   0x000004c4       0x35 Application/User/main.o
 .debug_macro   0x000004f9       0x50 Application/User/main.o
 .debug_macro   0x00000549      0xe66 Application/User/main.o
 .debug_macro   0x000013af    0x1a13a Application/User/main.o
 .debug_macro   0x0001b4e9       0x43 Application/User/main.o
 .debug_macro   0x0001b52c     0x3589 Application/User/main.o
 .debug_macro   0x0001eab5       0x58 Application/User/main.o
 .debug_macro   0x0001eb0d       0x35 Application/User/main.o
 .debug_macro   0x0001eb42       0x9c Application/User/main.o
 .debug_macro   0x0001ebde       0x16 Application/User/main.o
 .debug_macro   0x0001ebf4       0x97 Application/User/main.o
 .debug_macro   0x0001ec8b      0x329 Application/User/main.o
 .debug_macro   0x0001efb4       0xfd Application/User/main.o
 .debug_macro   0x0001f0b1       0x10 Application/User/main.o
 .debug_macro   0x0001f0c1       0x52 Application/User/main.o
 .debug_macro   0x0001f113       0x16 Application/User/main.o
 .debug_macro   0x0001f129       0x43 Application/User/main.o
 .debug_macro   0x0001f16c      0x187 Application/User/main.o
 .debug_macro   0x0001f2f3       0x10 Application/User/main.o
 .debug_macro   0x0001f303       0x22 Application/User/main.o
 .debug_macro   0x0001f325       0x3a Application/User/main.o
 .debug_macro   0x0001f35f       0x10 Application/User/main.o
 .debug_macro   0x0001f36f       0x40 Application/User/main.o
 .debug_macro   0x0001f3af       0x65 Application/User/main.o
 .debug_macro   0x0001f414       0x16 Application/User/main.o
 .debug_macro   0x0001f42a      0x197 Application/User/main.o
 .debug_macro   0x0001f5c1       0x50 Application/User/main.o
 .debug_macro   0x0001f611     0x1566 Application/User/main.o
 .debug_macro   0x00020b77      0x59e Application/User/main.o
 .debug_macro   0x00021115      0x148 Application/User/main.o
 .debug_macro   0x0002125d      0x171 Application/User/main.o
 .debug_macro   0x000213ce      0x25d Application/User/main.o
 .debug_macro   0x0002162b      0x23a Application/User/main.o
 .debug_macro   0x00021865      0x367 Application/User/main.o
 .debug_macro   0x00021bcc       0x10 Application/User/main.o
 .debug_macro   0x00021bdc       0xe4 Application/User/main.o
 .debug_macro   0x00021cc0      0x202 Application/User/main.o
 .debug_macro   0x00021ec2       0x5b Application/User/main.o
 .debug_macro   0x00021f1d       0x90 Application/User/main.o
 .debug_macro   0x00021fad      0x126 Application/User/main.o
 .debug_macro   0x000220d3      0x3dc Application/User/main.o
 .debug_macro   0x000224af      0x9c6 Application/User/main.o
 .debug_macro   0x00022e75      0x1df Application/User/main.o
 .debug_macro   0x00023054      0x535 Application/User/main.o
 .debug_macro   0x00023589       0x44 Application/User/main.o
 .debug_macro   0x000235cd      0x31a Application/User/main.o
 .debug_macro   0x000238e7       0x16 Application/User/main.o
 .debug_macro   0x000238fd       0xcc Application/User/main.o
 .debug_macro   0x000239c9       0x91 Application/User/main.o
 .debug_macro   0x00023a5a       0xb0 Application/User/main.o
 .debug_macro   0x00023b0a       0x7f Application/User/main.o
 .debug_macro   0x00023b89       0xcf Application/User/main.o
 .debug_macro   0x00023c58      0x2e3 Application/User/stm32l4xx_hal_msp.o
 .debug_macro   0x00023f3b      0x2e3 Application/User/stm32l4xx_hal_timebase_TIM.o
 .debug_macro   0x0002421e      0x3b0 Application/User/stm32l4xx_it.o
 .debug_macro   0x000245ce      0x2ea Drivers/CMSIS/system_stm32l4xx.o
 .debug_macro   0x000248b8      0x331 Drivers/STM32L4xx_HAL_Driver/stm32l4xx_hal.o
 .debug_macro   0x00024be9      0x2e3 Drivers/STM32L4xx_HAL_Driver/stm32l4xx_hal_cortex.o
 .debug_macro   0x00024ecc      0x2e3 Drivers/STM32L4xx_HAL_Driver/stm32l4xx_hal_dma.o
 .debug_macro   0x000251af      0x322 Drivers/STM32L4xx_HAL_Driver/stm32l4xx_hal_gpio.o
 .debug_macro   0x000254d1      0x3af Drivers/STM32L4xx_HAL_Driver/stm32l4xx_hal_i2c.o
 .debug_macro   0x00025880      0x2e3 Drivers/STM32L4xx_HAL_Driver/stm32l4xx_hal_i2c_ex.o
 .debug_macro   0x00025b63      0x307 Drivers/STM32L4xx_HAL_Driver/stm32l4xx_hal_pwr_ex.o
 .debug_macro   0x00025e6a      0x325 Drivers/STM32L4xx_HAL_Driver/stm32l4xx_hal_rcc.o
 .debug_macro   0x0002618f      0x319 Drivers/STM32L4xx_HAL_Driver/stm32l4xx_hal_rcc_ex.o
 .debug_macro   0x000264a8      0x2e4 Drivers/STM32L4xx_HAL_Driver/stm32l4xx_hal_tim.o
 .debug_macro   0x0002678c      0x2f5 Drivers/STM32L4xx_HAL_Driver/stm32l4xx_hal_tim_ex.o
 .debug_macro   0x00026a81      0x2f5 Drivers/STM32L4xx_HAL_Driver/stm32l4xx_hal_uart.o
 .debug_macro   0x00026d76      0x2e3 Drivers/STM32L4xx_HAL_Driver/stm32l4xx_hal_uart_ex.o
 .debug_macro   0x00027059      0x1d7 Middlewares/FreeRTOS/cmsis_os.o
 .debug_macro   0x00027230       0x4a Middlewares/FreeRTOS/cmsis_os.o
 .debug_macro   0x0002727a       0x10 Middlewares/FreeRTOS/cmsis_os.o
 .debug_macro   0x0002728a       0x35 Middlewares/FreeRTOS/cmsis_os.o
 .debug_macro   0x000272bf       0x26 Middlewares/FreeRTOS/cmsis_os.o
 .debug_macro   0x000272e5      0x19d Middlewares/FreeRTOS/heap_4.o
 .debug_macro   0x00027482      0x176 Middlewares/FreeRTOS/list.o
 .debug_macro   0x000275f8      0x197 Middlewares/FreeRTOS/port.o
 .debug_macro   0x0002778f      0x1e8 Middlewares/FreeRTOS/queue.o
 .debug_macro   0x00027977       0x16 Middlewares/FreeRTOS/queue.o
 .debug_macro   0x0002798d      0x224 Middlewares/FreeRTOS/tasks.o
 .debug_macro   0x00027bb1       0x11 Middlewares/FreeRTOS/tasks.o

.debug_str      0x00000000    0xf4a89
 .debug_str     0x00000000    0xedbdb Application/User/main.o
                              0xee120 (size before relaxing)
 .debug_str     0x000edbdb      0x123 Application/User/stm32l4xx_hal_msp.o
                              0xe8254 (size before relaxing)
 .debug_str     0x000edcfe      0x135 Application/User/stm32l4xx_hal_timebase_TIM.o
                              0xe7d02 (size before relaxing)
 .debug_str     0x000ede33      0x102 Application/User/stm32l4xx_it.o
                              0xece43 (size before relaxing)
 .debug_str     0x000edf35      0x16e Drivers/CMSIS/system_stm32l4xx.o
                              0xe73cb (size before relaxing)
 .debug_str     0x000ee0a3      0x5ca Drivers/STM32L4xx_HAL_Driver/stm32l4xx_hal.o
                              0xe7ecf (size before relaxing)
 .debug_str     0x000ee66d      0x329 Drivers/STM32L4xx_HAL_Driver/stm32l4xx_hal_cortex.o
                              0xe7b73 (size before relaxing)
 .debug_str     0x000ee996      0x273 Drivers/STM32L4xx_HAL_Driver/stm32l4xx_hal_dma.o
                              0xe75d9 (size before relaxing)
 .debug_str     0x000eec09      0x24a Drivers/STM32L4xx_HAL_Driver/stm32l4xx_hal_gpio.o
                              0xe762b (size before relaxing)
 .debug_str     0x000eee53      0xc90 Drivers/STM32L4xx_HAL_Driver/stm32l4xx_hal_i2c.o
                              0xe82db (size before relaxing)
 .debug_str     0x000efae3       0xf5 Drivers/STM32L4xx_HAL_Driver/stm32l4xx_hal_i2c_ex.o
                              0xe78a7 (size before relaxing)
 .debug_str     0x000efbd8      0x48c Drivers/STM32L4xx_HAL_Driver/stm32l4xx_hal_pwr_ex.o
                              0xe784c (size before relaxing)
 .debug_str     0x000f0064      0x337 Drivers/STM32L4xx_HAL_Driver/stm32l4xx_hal_rcc.o
                              0xe79e2 (size before relaxing)
 .debug_str     0x000f039b      0x3ea Drivers/STM32L4xx_HAL_Driver/stm32l4xx_hal_rcc_ex.o
                              0xe7b37 (size before relaxing)
 .debug_str     0x000f0785      0xa0c Drivers/STM32L4xx_HAL_Driver/stm32l4xx_hal_tim.o
                              0xe80c3 (size before relaxing)
 .debug_str     0x000f1191      0x540 Drivers/STM32L4xx_HAL_Driver/stm32l4xx_hal_tim_ex.o
                              0xe7c8c (size before relaxing)
 .debug_str     0x000f16d1      0x6a7 Drivers/STM32L4xx_HAL_Driver/stm32l4xx_hal_uart.o
                              0xe7f07 (size before relaxing)
 .debug_str     0x000f1d78      0x183 Drivers/STM32L4xx_HAL_Driver/stm32l4xx_hal_uart_ex.o
                              0xe7810 (size before relaxing)
 .debug_str     0x000f1efb      0x8d8 Middlewares/FreeRTOS/cmsis_os.o
                               0xc0da (size before relaxing)
 .debug_str     0x000f27d3      0x3c8 Middlewares/FreeRTOS/heap_4.o
                               0x9970 (size before relaxing)
 .debug_str     0x000f2b9b      0x17a Middlewares/FreeRTOS/list.o
                               0x907e (size before relaxing)
 .debug_str     0x000f2d15      0x815 Middlewares/FreeRTOS/port.o
                               0x77dc (size before relaxing)
 .debug_str     0x000f352a      0x6eb Middlewares/FreeRTOS/queue.o
                               0xaa56 (size before relaxing)
 .debug_str     0x000f3c15      0xe74 Middlewares/FreeRTOS/tasks.o
                               0xb275 (size before relaxing)

.comment        0x00000000       0x6e
 .comment       0x00000000       0x6e Application/User/main.o
                                 0x6f (size before relaxing)
 .comment       0x0000006e       0x6f Application/User/stm32l4xx_hal_msp.o
 .comment       0x0000006e       0x6f Application/User/stm32l4xx_hal_timebase_TIM.o
 .comment       0x0000006e       0x6f Application/User/stm32l4xx_it.o
 .comment       0x0000006e       0x6f Drivers/CMSIS/system_stm32l4xx.o
 .comment       0x0000006e       0x6f Drivers/STM32L4xx_HAL_Driver/stm32l4xx_hal.o
 .comment       0x0000006e       0x6f Drivers/STM32L4xx_HAL_Driver/stm32l4xx_hal_cortex.o
 .comment       0x0000006e       0x6f Drivers/STM32L4xx_HAL_Driver/stm32l4xx_hal_dma.o
 .comment       0x0000006e       0x6f Drivers/STM32L4xx_HAL_Driver/stm32l4xx_hal_gpio.o
 .comment       0x0000006e       0x6f Drivers/STM32L4xx_HAL_Driver/stm32l4xx_hal_i2c.o
 .comment       0x0000006e       0x6f Drivers/STM32L4xx_HAL_Driver/stm32l4xx_hal_i2c_ex.o
 .comment       0x0000006e       0x6f Drivers/STM32L4xx_HAL_Driver/stm32l4xx_hal_pwr_ex.o
 .comment       0x0000006e       0x6f Drivers/STM32L4xx_HAL_Driver/stm32l4xx_hal_rcc.o
 .comment       0x0000006e       0x6f Drivers/STM32L4xx_HAL_Driver/stm32l4xx_hal_rcc_ex.o
 .comment       0x0000006e       0x6f Drivers/STM32L4xx_HAL_Driver/stm32l4xx_hal_tim.o
 .comment       0x0000006e       0x6f Drivers/STM32L4xx_HAL_Driver/stm32l4xx_hal_tim_ex.o
 .comment       0x0000006e       0x6f Drivers/STM32L4xx_HAL_Driver/stm32l4xx_hal_uart.o
 .comment       0x0000006e       0x6f Drivers/STM32L4xx_HAL_Driver/stm32l4xx_hal_uart_ex.o
 .comment       0x0000006e       0x6f Middlewares/FreeRTOS/cmsis_os.o
 .comment       0x0000006e       0x6f Middlewares/FreeRTOS/heap_4.o
 .comment       0x0000006e       0x6f Middlewares/FreeRTOS/list.o
 .comment       0x0000006e       0x6f Middlewares/FreeRTOS/port.o
 .comment       0x0000006e       0x6f Middlewares/FreeRTOS/queue.o
 .comment       0x0000006e       0x6f Middlewares/FreeRTOS/tasks.o

.debug_frame    0x00000000     0x3a48
 .debug_frame   0x00000000       0xc4 Application/User/main.o
 .debug_frame   0x000000c4       0xd4 Application/User/stm32l4xx_hal_msp.o
 .debug_frame   0x00000198       0x50 Application/User/stm32l4xx_hal_timebase_TIM.o
 .debug_frame   0x000001e8       0x50 Application/User/stm32l4xx_it.o
 .debug_frame   0x00000238       0x3c Drivers/CMSIS/system_stm32l4xx.o
 .debug_frame   0x00000274      0x210 Drivers/STM32L4xx_HAL_Driver/stm32l4xx_hal.o
 .debug_frame   0x00000484      0x130 Drivers/STM32L4xx_HAL_Driver/stm32l4xx_hal_cortex.o
 .debug_frame   0x000005b4      0x144 Drivers/STM32L4xx_HAL_Driver/stm32l4xx_hal_dma.o
 .debug_frame   0x000006f8       0xd8 Drivers/STM32L4xx_HAL_Driver/stm32l4xx_hal_gpio.o
 .debug_frame   0x000007d0      0x7b0 Drivers/STM32L4xx_HAL_Driver/stm32l4xx_hal_i2c.o
 .debug_frame   0x00000f80       0x90 Drivers/STM32L4xx_HAL_Driver/stm32l4xx_hal_i2c_ex.o
 .debug_frame   0x00001010      0x278 Drivers/STM32L4xx_HAL_Driver/stm32l4xx_hal_pwr_ex.o
 .debug_frame   0x00001288      0x150 Drivers/STM32L4xx_HAL_Driver/stm32l4xx_hal_rcc.o
 .debug_frame   0x000013d8      0x228 Drivers/STM32L4xx_HAL_Driver/stm32l4xx_hal_rcc_ex.o
 .debug_frame   0x00001600      0x8a8 Drivers/STM32L4xx_HAL_Driver/stm32l4xx_hal_tim.o
 .debug_frame   0x00001ea8      0x37c Drivers/STM32L4xx_HAL_Driver/stm32l4xx_hal_tim_ex.o
 .debug_frame   0x00002224      0x510 Drivers/STM32L4xx_HAL_Driver/stm32l4xx_hal_uart.o
 .debug_frame   0x00002734       0x9c Drivers/STM32L4xx_HAL_Driver/stm32l4xx_hal_uart_ex.o
 .debug_frame   0x000027d0      0x460 Middlewares/FreeRTOS/cmsis_os.o
 .debug_frame   0x00002c30       0xa4 Middlewares/FreeRTOS/heap_4.o
 .debug_frame   0x00002cd4       0x6c Middlewares/FreeRTOS/list.o
 .debug_frame   0x00002d40       0xf0 Middlewares/FreeRTOS/port.o
 .debug_frame   0x00002e30      0x270 Middlewares/FreeRTOS/queue.o
 .debug_frame   0x000030a0      0x57c Middlewares/FreeRTOS/tasks.o
 .debug_frame   0x0000361c       0x2c d:/program files (x86)/eclipse/system workbench for stm32/plugins/fr.ac6.mcu.externaltools.arm-none.win32_1.7.0.201602121829/tools/compiler/bin/../lib/gcc/arm-none-eabi/5.2.1/armv7e-m/fpu\libgcc.a(_aeabi_uldivmod.o)
 .debug_frame   0x00003648       0x34 d:/program files (x86)/eclipse/system workbench for stm32/plugins/fr.ac6.mcu.externaltools.arm-none.win32_1.7.0.201602121829/tools/compiler/bin/../lib/gcc/arm-none-eabi/5.2.1/armv7e-m/fpu\libgcc.a(_udivmoddi4.o)
 .debug_frame   0x0000367c       0x30 d:/program files (x86)/eclipse/system workbench for stm32/plugins/fr.ac6.mcu.externaltools.arm-none.win32_1.7.0.201602121829/tools/compiler/bin/../lib/gcc/arm-none-eabi/5.2.1/../../../../arm-none-eabi/lib/armv7e-m/fpu\libc_nano.a(lib_a-atoi.o)
 .debug_frame   0x000036ac       0x2c d:/program files (x86)/eclipse/system workbench for stm32/plugins/fr.ac6.mcu.externaltools.arm-none.win32_1.7.0.201602121829/tools/compiler/bin/../lib/gcc/arm-none-eabi/5.2.1/../../../../arm-none-eabi/lib/armv7e-m/fpu\libc_nano.a(lib_a-init.o)
 .debug_frame   0x000036d8       0x28 d:/program files (x86)/eclipse/system workbench for stm32/plugins/fr.ac6.mcu.externaltools.arm-none.win32_1.7.0.201602121829/tools/compiler/bin/../lib/gcc/arm-none-eabi/5.2.1/../../../../arm-none-eabi/lib/armv7e-m/fpu\libc_nano.a(lib_a-memcpy-stub.o)
 .debug_frame   0x00003700       0x20 d:/program files (x86)/eclipse/system workbench for stm32/plugins/fr.ac6.mcu.externaltools.arm-none.win32_1.7.0.201602121829/tools/compiler/bin/../lib/gcc/arm-none-eabi/5.2.1/../../../../arm-none-eabi/lib/armv7e-m/fpu\libc_nano.a(lib_a-memset.o)
 .debug_frame   0x00003720       0x70 d:/program files (x86)/eclipse/system workbench for stm32/plugins/fr.ac6.mcu.externaltools.arm-none.win32_1.7.0.201602121829/tools/compiler/bin/../lib/gcc/arm-none-eabi/5.2.1/../../../../arm-none-eabi/lib/armv7e-m/fpu\libc_nano.a(lib_a-sprintf.o)
 .debug_frame   0x00003790       0x44 d:/program files (x86)/eclipse/system workbench for stm32/plugins/fr.ac6.mcu.externaltools.arm-none.win32_1.7.0.201602121829/tools/compiler/bin/../lib/gcc/arm-none-eabi/5.2.1/../../../../arm-none-eabi/lib/armv7e-m/fpu\libc_nano.a(lib_a-strtol.o)
 .debug_frame   0x000037d4       0x90 d:/program files (x86)/eclipse/system workbench for stm32/plugins/fr.ac6.mcu.externaltools.arm-none.win32_1.7.0.201602121829/tools/compiler/bin/../lib/gcc/arm-none-eabi/5.2.1/../../../../arm-none-eabi/lib/armv7e-m/fpu\libc_nano.a(lib_a-nano-svfprintf.o)
 .debug_frame   0x00003864       0x60 d:/program files (x86)/eclipse/system workbench for stm32/plugins/fr.ac6.mcu.externaltools.arm-none.win32_1.7.0.201602121829/tools/compiler/bin/../lib/gcc/arm-none-eabi/5.2.1/../../../../arm-none-eabi/lib/armv7e-m/fpu\libc_nano.a(lib_a-nano-vfprintf_i.o)
 .debug_frame   0x000038c4       0x28 d:/program files (x86)/eclipse/system workbench for stm32/plugins/fr.ac6.mcu.externaltools.arm-none.win32_1.7.0.201602121829/tools/compiler/bin/../lib/gcc/arm-none-eabi/5.2.1/../../../../arm-none-eabi/lib/armv7e-m/fpu\libc_nano.a(lib_a-memmove.o)
 .debug_frame   0x000038ec       0x2c d:/program files (x86)/eclipse/system workbench for stm32/plugins/fr.ac6.mcu.externaltools.arm-none.win32_1.7.0.201602121829/tools/compiler/bin/../lib/gcc/arm-none-eabi/5.2.1/../../../../arm-none-eabi/lib/armv7e-m/fpu\libc_nano.a(lib_a-nano-freer.o)
 .debug_frame   0x00003918       0x2c d:/program files (x86)/eclipse/system workbench for stm32/plugins/fr.ac6.mcu.externaltools.arm-none.win32_1.7.0.201602121829/tools/compiler/bin/../lib/gcc/arm-none-eabi/5.2.1/../../../../arm-none-eabi/lib/armv7e-m/fpu\libc_nano.a(lib_a-nano-mallocr.o)
 .debug_frame   0x00003944       0x3c d:/program files (x86)/eclipse/system workbench for stm32/plugins/fr.ac6.mcu.externaltools.arm-none.win32_1.7.0.201602121829/tools/compiler/bin/../lib/gcc/arm-none-eabi/5.2.1/../../../../arm-none-eabi/lib/armv7e-m/fpu\libc_nano.a(lib_a-nano-reallocr.o)
 .debug_frame   0x00003980       0x2c d:/program files (x86)/eclipse/system workbench for stm32/plugins/fr.ac6.mcu.externaltools.arm-none.win32_1.7.0.201602121829/tools/compiler/bin/../lib/gcc/arm-none-eabi/5.2.1/../../../../arm-none-eabi/lib/armv7e-m/fpu\libc_nano.a(lib_a-sbrkr.o)
 .debug_frame   0x000039ac       0x20 d:/program files (x86)/eclipse/system workbench for stm32/plugins/fr.ac6.mcu.externaltools.arm-none.win32_1.7.0.201602121829/tools/compiler/bin/../lib/gcc/arm-none-eabi/5.2.1/../../../../arm-none-eabi/lib/armv7e-m/fpu\libc_nano.a(lib_a-nano-msizer.o)